Component: ARM Compiler 5.06 update 5 (build 528) Tool: armlink [4d35e2]

==============================================================================

Section Cross References

    startup_stm32l476xx.o(RESET) refers to startup_stm32l476xx.o(STACK) for __initial_sp
    startup_stm32l476xx.o(RESET) refers to startup_stm32l476xx.o(.text) for Reset_Handler
    startup_stm32l476xx.o(RESET) refers to stm32l4xx_it.o(i.NMI_Handler) for NMI_Handler
    startup_stm32l476xx.o(RESET) refers to stm32l4xx_it.o(i.HardFault_Handler) for HardFault_Handler
    startup_stm32l476xx.o(RESET) refers to stm32l4xx_it.o(i.MemManage_Handler) for MemManage_Handler
    startup_stm32l476xx.o(RESET) refers to stm32l4xx_it.o(i.BusFault_Handler) for BusFault_Handler
    startup_stm32l476xx.o(RESET) refers to stm32l4xx_it.o(i.UsageFault_Handler) for UsageFault_Handler
    startup_stm32l476xx.o(RESET) refers to port.o(.emb_text) for SVC_Handler
    startup_stm32l476xx.o(RESET) refers to stm32l4xx_it.o(i.DebugMon_Handler) for DebugMon_Handler
    startup_stm32l476xx.o(RESET) refers to stm32l4xx_it.o(i.SysTick_Handler) for SysTick_Handler
    startup_stm32l476xx.o(RESET) refers to test_application.o(i.LPTIM2_IRQHandler) for LPTIM2_IRQHandler
    startup_stm32l476xx.o(.text) refers to system_stm32l4xx.o(i.SystemInit) for SystemInit
    startup_stm32l476xx.o(.text) refers to entry.o(.ARM.Collect$$$$00000000) for __main
    main.o(i.SystemClock_Config) refers to memseta.o(.text) for __aeabi_memclr4
    main.o(i.SystemClock_Config) refers to stm32l4xx_hal_rcc.o(i.HAL_RCC_OscConfig) for HAL_RCC_OscConfig
    main.o(i.SystemClock_Config) refers to main.o(i.Error_Handler) for Error_Handler
    main.o(i.SystemClock_Config) refers to stm32l4xx_hal_rcc.o(i.HAL_RCC_ClockConfig) for HAL_RCC_ClockConfig
    main.o(i.SystemClock_Config) refers to stm32l4xx_hal_rcc_ex.o(i.HAL_RCCEx_PeriphCLKConfig) for HAL_RCCEx_PeriphCLKConfig
    main.o(i.SystemClock_Config) refers to stm32l4xx_hal_pwr_ex.o(i.HAL_PWREx_ControlVoltageScaling) for HAL_PWREx_ControlVoltageScaling
    main.o(i.main) refers to stm32l4xx_hal.o(i.HAL_Init) for HAL_Init
    main.o(i.main) refers to main.o(i.SystemClock_Config) for SystemClock_Config
    main.o(i.main) refers to main.o(i.detect_debugger) for detect_debugger
    main.o(i.main) refers to test_application.o(i.tickless_testapp) for tickless_testapp
    stm32l4xx_it.o(i.SysTick_Handler) refers to stm32l4xx_hal.o(i.HAL_IncTick) for HAL_IncTick
    test_application.o(i.HAL_GPIO_EXTI_Callback) refers to queue.o(i.xQueueGenericSendFromISR) for xQueueGenericSendFromISR
    test_application.o(i.HAL_GPIO_EXTI_Callback) refers to test_application.o(.data) for _task3_event_queue
    test_application.o(i.LPTIM2_IRQHandler) refers to test_application.o(i.LL_GPIO_SetOutputPin) for LL_GPIO_SetOutputPin
    test_application.o(i.LPTIM2_IRQHandler) refers to test_application.o(i.LL_LPTIM_ClearFLAG_CMPM) for LL_LPTIM_ClearFLAG_CMPM
    test_application.o(i.LPTIM2_IRQHandler) refers to test_application.o(i.get_lptim_value) for get_lptim_value
    test_application.o(i.LPTIM2_IRQHandler) refers to test_application.o(i.__aeabi_assert) for __aeabi_assert
    test_application.o(i.LPTIM2_IRQHandler) refers to test_application.o(i.set_compare_match) for set_compare_match
    test_application.o(i.LPTIM2_IRQHandler) refers to port.o(i.xPortSysTickHandler) for xPortSysTickHandler
    test_application.o(i.LPTIM2_IRQHandler) refers to test_application.o(i.LL_GPIO_ResetOutputPin) for LL_GPIO_ResetOutputPin
    test_application.o(i.LPTIM2_IRQHandler) refers to test_application.o(.data) for now_irq
    test_application.o(i.config_pin_it_rising) refers to memcpya.o(.text) for __aeabi_memcpy4
    test_application.o(i.config_pin_it_rising) refers to stm32l4xx_hal_gpio.o(i.HAL_GPIO_Init) for HAL_GPIO_Init
    test_application.o(i.config_pin_it_rising) refers to test_application.o(.constdata) for .constdata
    test_application.o(i.config_pin_output_pp) refers to test_application.o(i.LL_GPIO_ResetOutputPin) for LL_GPIO_ResetOutputPin
    test_application.o(i.config_pin_output_pp) refers to memcpya.o(.text) for __aeabi_memcpy4
    test_application.o(i.config_pin_output_pp) refers to stm32l4xx_hal_gpio.o(i.HAL_GPIO_Init) for HAL_GPIO_Init
    test_application.o(i.config_pin_output_pp) refers to test_application.o(.constdata) for .constdata
    test_application.o(i.set_compare_match) refers to test_application.o(i.LL_LPTIM_SetCompare) for LL_LPTIM_SetCompare
    test_application.o(i.set_compare_match) refers to test_application.o(i.LL_LPTIM_ClearFlag_CMPOK) for LL_LPTIM_ClearFlag_CMPOK
    test_application.o(i.set_compare_match) refers to test_application.o(i.LL_LPTIM_ClearFLAG_CMPM) for LL_LPTIM_ClearFLAG_CMPM
    test_application.o(i.tickless_1_task) refers to tasks.o(i.xTaskGetTickCount) for xTaskGetTickCount
    test_application.o(i.tickless_1_task) refers to tasks.o(i.vTaskDelayUntil) for vTaskDelayUntil
[...]
    Removing stm32l4xx_hal_pwr_ex.o(i.HAL_PWREx_EnterSTOP2Mode), (64 bytes).
    Removing stm32l4xx_hal_pwr_ex.o(i.HAL_PWREx_PVD_PVM_IRQHandler), (128 bytes).
    Removing stm32l4xx_hal_pwr_ex.o(i.HAL_PWREx_PVM1Callback), (2 bytes).
    Removing stm32l4xx_hal_pwr_ex.o(i.HAL_PWREx_PVM2Callback), (2 bytes).
    Removing stm32l4xx_hal_pwr_ex.o(i.HAL_PWREx_PVM3Callback), (2 bytes).
    Removing stm32l4xx_hal_pwr_ex.o(i.HAL_PWREx_PVM4Callback), (2 bytes).
    Removing stm32l4xx_hal_cortex.o(.rev16_text), (4 bytes).
    Removing stm32l4xx_hal_cortex.o(.revsh_text), (4 bytes).
    Removing stm32l4xx_hal_cortex.o(.rrx_text), (6 bytes).
    Removing stm32l4xx_hal_cortex.o(i.HAL_MPU_ConfigRegion), (92 bytes).
    Removing stm32l4xx_hal_cortex.o(i.HAL_MPU_Disable), (44 bytes).
    Removing stm32l4xx_hal_cortex.o(i.HAL_MPU_Enable), (64 bytes).
    Removing stm32l4xx_hal_cortex.o(i.HAL_NVIC_ClearPendingIRQ), (36 bytes).
    Removing stm32l4xx_hal_cortex.o(i.HAL_NVIC_DisableIRQ), (68 bytes).
    Removing stm32l4xx_hal_cortex.o(i.HAL_NVIC_GetActive), (48 bytes).
    Removing stm32l4xx_hal_cortex.o(i.HAL_NVIC_GetPendingIRQ), (48 bytes).
    Removing stm32l4xx_hal_cortex.o(i.HAL_NVIC_GetPriority), (148 bytes).
    Removing stm32l4xx_hal_cortex.o(i.HAL_NVIC_GetPriorityGrouping), (8 bytes).
    Removing stm32l4xx_hal_cortex.o(i.HAL_NVIC_SetPendingIRQ), (36 bytes).
    Removing stm32l4xx_hal_cortex.o(i.HAL_NVIC_SystemReset), (68 bytes).
    Removing stm32l4xx_hal_cortex.o(i.HAL_SYSTICK_CLKSourceConfig), (40 bytes).
    Removing stm32l4xx_hal_cortex.o(i.HAL_SYSTICK_Callback), (2 bytes).
    Removing stm32l4xx_hal_cortex.o(i.HAL_SYSTICK_IRQHandler), (8 bytes).
    Removing stm32l4xx_hal_exti.o(.rev16_text), (4 bytes).
    Removing stm32l4xx_hal_exti.o(.revsh_text), (4 bytes).
    Removing stm32l4xx_hal_exti.o(.rrx_text), (6 bytes).
    Removing stm32l4xx_hal_exti.o(i.HAL_EXTI_ClearConfigLine), (148 bytes).
    Removing stm32l4xx_hal_exti.o(i.HAL_EXTI_ClearPending), (36 bytes).
    Removing stm32l4xx_hal_exti.o(i.HAL_EXTI_GenerateSWI), (36 bytes).
    Removing stm32l4xx_hal_exti.o(i.HAL_EXTI_GetConfigLine), (212 bytes).
    Removing stm32l4xx_hal_exti.o(i.HAL_EXTI_GetHandle), (14 bytes).
    Removing stm32l4xx_hal_exti.o(i.HAL_EXTI_GetPending), (44 bytes).
    Removing stm32l4xx_hal_exti.o(i.HAL_EXTI_IRQHandler), (56 bytes).
    Removing stm32l4xx_hal_exti.o(i.HAL_EXTI_RegisterCallback), (20 bytes).
    Removing stm32l4xx_hal_exti.o(i.HAL_EXTI_SetConfigLine), (228 bytes).
    Removing stm32l4xx_ll_lptim.o(.rev16_text), (4 bytes).
    Removing stm32l4xx_ll_lptim.o(.revsh_text), (4 bytes).
    Removing stm32l4xx_ll_lptim.o(.rrx_text), (6 bytes).
    Removing stm32l4xx_ll_gpio.o(.rev16_text), (4 bytes).
    Removing stm32l4xx_ll_gpio.o(.revsh_text), (4 bytes).
    Removing stm32l4xx_ll_gpio.o(.rrx_text), (6 bytes).
    Removing stm32l4xx_ll_gpio.o(i.LL_AHB2_GRP1_ForceReset), (16 bytes).
    Removing stm32l4xx_ll_gpio.o(i.LL_AHB2_GRP1_ReleaseReset), (16 bytes).
    Removing stm32l4xx_ll_gpio.o(i.LL_GPIO_DeInit), (200 bytes).
    Removing stm32l4xx_ll_gpio.o(i.LL_GPIO_Init), (312 bytes).
    Removing stm32l4xx_ll_gpio.o(i.LL_GPIO_StructInit), (22 bytes).
    Removing stm32l4xx_ll_pwr.o(.rev16_text), (4 bytes).
    Removing stm32l4xx_ll_pwr.o(.revsh_text), (4 bytes).
    Removing stm32l4xx_ll_pwr.o(.rrx_text), (6 bytes).
    Removing stm32l4xx_ll_pwr.o(i.LL_PWR_DeInit), (36 bytes).
    Removing stm32l4xx_hal_lptim.o(.rev16_text), (4 bytes).
    Removing stm32l4xx_hal_lptim.o(.revsh_text), (4 bytes).
    Removing stm32l4xx_hal_lptim.o(.rrx_text), (6 bytes).
    Removing stm32l4xx_ll_rcc.o(.rev16_text), (4 bytes).
    Removing stm32l4xx_ll_rcc.o(.revsh_text), (4 bytes).
    Removing stm32l4xx_ll_rcc.o(.rrx_text), (6 bytes).
    Removing stm32l4xx_ll_rcc.o(i.LL_RCC_DeInit), (224 bytes).
    Removing stm32l4xx_ll_rcc.o(i.LL_RCC_GetADCClockFreq), (92 bytes).
    Removing stm32l4xx_ll_rcc.o(i.LL_RCC_GetDFSDMClockFreq), (68 bytes).
    Removing stm32l4xx_ll_rcc.o(i.LL_RCC_GetI2CClockFreq), (252 bytes).
    Removing stm32l4xx_ll_rcc.o(i.LL_RCC_GetI2CClockSource), (40 bytes).
    Removing stm32l4xx_ll_rcc.o(i.LL_RCC_GetLPUARTClockFreq), (108 bytes).
    Removing stm32l4xx_ll_rcc.o(i.LL_RCC_GetRNGClockFreq), (156 bytes).
    Removing stm32l4xx_ll_rcc.o(i.LL_RCC_GetSAIClockFreq), (192 bytes).
    Removing stm32l4xx_ll_rcc.o(i.LL_RCC_GetSAIClockSource), (20 bytes).
    Removing stm32l4xx_ll_rcc.o(i.LL_RCC_GetSDMMCClockFreq), (156 bytes).
    Removing stm32l4xx_ll_rcc.o(i.LL_RCC_GetSWPMIClockFreq), (72 bytes).
    Removing stm32l4xx_ll_rcc.o(i.LL_RCC_GetUARTClockFreq), (204 bytes).
    Removing stm32l4xx_ll_rcc.o(i.LL_RCC_GetUARTClockSource), (20 bytes).
    Removing stm32l4xx_ll_rcc.o(i.LL_RCC_GetUSARTClockFreq), (284 bytes).
    Removing stm32l4xx_ll_rcc.o(i.LL_RCC_GetUSARTClockSource), (20 bytes).
    Removing stm32l4xx_ll_rcc.o(i.LL_RCC_GetUSBClockFreq), (156 bytes).
    Removing stm32l4xx_ll_rcc.o(i.LL_RCC_MSI_IsReady), (16 bytes).
    Removing stm32l4xx_ll_rcc.o(i.LL_RCC_PLLSAI1_GetN), (16 bytes).
    Removing stm32l4xx_ll_rcc.o(i.LL_RCC_PLLSAI1_IsReady), (16 bytes).
    Removing stm32l4xx_ll_rcc.o(i.LL_RCC_PLLSAI2_GetN), (16 bytes).
    Removing stm32l4xx_ll_rcc.o(i.LL_RCC_PLLSAI2_IsReady), (16 bytes).
    Removing stm32l4xx_ll_rcc.o(i.LL_RCC_PLL_IsReady), (16 bytes).
    Removing stm32l4xx_ll_rcc.o(i.RCC_PLLSAI1_GetFreqDomain_48M), (212 bytes).
    Removing stm32l4xx_ll_rcc.o(i.RCC_PLLSAI1_GetFreqDomain_ADC), (212 bytes).
    Removing stm32l4xx_ll_rcc.o(i.RCC_PLLSAI1_GetFreqDomain_SAI), (212 bytes).
    Removing stm32l4xx_ll_rcc.o(i.RCC_PLLSAI2_GetFreqDomain_ADC), (216 bytes).
    Removing stm32l4xx_ll_rcc.o(i.RCC_PLLSAI2_GetFreqDomain_SAI), (212 bytes).
    Removing stm32l4xx_ll_rcc.o(i.RCC_PLL_GetFreqDomain_48M), (212 bytes).
    Removing stm32l4xx_ll_rcc.o(i.RCC_PLL_GetFreqDomain_SAI), (212 bytes).
    Removing system_stm32l4xx.o(.rev16_text), (4 bytes).
    Removing system_stm32l4xx.o(.revsh_text), (4 bytes).
    Removing system_stm32l4xx.o(.rrx_text), (6 bytes).
    Removing system_stm32l4xx.o(i.SystemCoreClockUpdate), (236 bytes).

503 unused section(s) (total 43890 bytes) removed from the image.

==============================================================================

Image Symbol Table

    Local Symbols

    Symbol Name                              Value     Ov Type        Size  Object(Section)

    ../Drivers/STM32L4xx_HAL_Driver/Src/stm32l4xx_hal.c 0x00000000   Number         0  stm32l4xx_hal.o ABSOLUTE
    ../Drivers/STM32L4xx_HAL_Driver/Src/stm32l4xx_hal_cortex.c 0x00000000   Number         0  stm32l4xx_hal_cortex.o ABSOLUTE
    ../Drivers/STM32L4xx_HAL_Driver/Src/stm32l4xx_hal_dma.c 0x00000000   Number         0  stm32l4xx_hal_dma.o ABSOLUTE
    ../Drivers/STM32L4xx_HAL_Driver/Src/stm32l4xx_hal_dma_ex.c 0x00000000   Number         0  stm32l4xx_hal_dma_ex.o ABSOLUTE
    ../Drivers/STM32L4xx_HAL_Driver/Src/stm32l4xx_hal_exti.c 0x00000000   Number         0  stm32l4xx_hal_exti.o ABSOLUTE
    ../Drivers/STM32L4xx_HAL_Driver/Src/stm32l4xx_hal_flash.c 0x00000000   Number         0  stm32l4xx_hal_flash.o ABSOLUTE
    ../Drivers/STM32L4xx_HAL_Driver/Src/stm32l4xx_hal_flash_ex.c 0x00000000   Number         0  stm32l4xx_hal_flash_ex.o ABSOLUTE
    ../Drivers/STM32L4xx_HAL_Driver/Src/stm32l4xx_hal_flash_ramfunc.c 0x00000000   Number         0  stm32l4xx_hal_flash_ramfunc.o ABSOLUTE
    ../Drivers/STM32L4xx_HAL_Driver/Src/stm32l4xx_hal_gpio.c 0x00000000   Number         0  stm32l4xx_hal_gpio.o ABSOLUTE
    ../Drivers/STM32L4xx_HAL_Driver/Src/stm32l4xx_hal_i2c.c 0x00000000   Number         0  stm32l4xx_hal_i2c.o ABSOLUTE
    ../Drivers/STM32L4xx_HAL_Driver/Src/stm32l4xx_hal_i2c_ex.c 0x00000000   Number         0  stm32l4xx_hal_i2c_ex.o ABSOLUTE
    ../Drivers/STM32L4xx_HAL_Driver/Src/stm32l4xx_hal_pwr.c 0x00000000   Number         0  stm32l4xx_hal_pwr.o ABSOLUTE
    ../Drivers/STM32L4xx_HAL_Driver/Src/stm32l4xx_hal_pwr_ex.c 0x00000000   Number         0  stm32l4xx_hal_pwr_ex.o ABSOLUTE
    ../Drivers/STM32L4xx_HAL_Driver/Src/stm32l4xx_hal_rcc.c 0x00000000   Number         0  stm32l4xx_hal_rcc.o ABSOLUTE
    ../Drivers/STM32L4xx_HAL_Driver/Src/stm32l4xx_hal_rcc_ex.c 0x00000000   Number         0  stm32l4xx_hal_rcc_ex.o ABSOLUTE
    ../Drivers/STM32L4xx_HAL_Driver/Src/stm32l4xx_hal_tim.c 0x00000000   Number         0  stm32l4xx_hal_tim.o ABSOLUTE
    ../Drivers/STM32L4xx_HAL_Driver/Src/stm32l4xx_hal_tim_ex.c 0x00000000   Number         0  stm32l4xx_hal_tim_ex.o ABSOLUTE
    ../Src/main.c                            0x00000000   Number         0  main.o ABSOLUTE
    ../Src/stm32l4xx_hal_msp.c               0x00000000   Number         0  stm32l4xx_hal_msp.o ABSOLUTE
    ../Src/stm32l4xx_it.c                    0x00000000   Number         0  stm32l4xx_it.o ABSOLUTE
    ../Src/system_stm32l4xx.c                0x00000000   Number         0  system_stm32l4xx.o ABSOLUTE
    ../clib/microlib/init/entry.s            0x00000000   Number         0  entry8a.o ABSOLUTE
    ../clib/microlib/init/entry.s            0x00000000   Number         0  entry5.o ABSOLUTE
    ../clib/microlib/init/entry.s            0x00000000   Number         0  entry11b.o ABSOLUTE
    ../clib/microlib/init/entry.s            0x00000000   Number         0  entry11a.o ABSOLUTE
    ../clib/microlib/init/entry.s            0x00000000   Number         0  entry10b.o ABSOLUTE
    ../clib/microlib/init/entry.s            0x00000000   Number         0  entry10a.o ABSOLUTE
    ../clib/microlib/init/entry.s            0x00000000   Number         0  entry9b.o ABSOLUTE
    ../clib/microlib/init/entry.s            0x00000000   Number         0  entry9a.o ABSOLUTE
    ../clib/microlib/init/entry.s            0x00000000   Number         0  entry8b.o ABSOLUTE
    ../clib/microlib/init/entry.s            0x00000000   Number         0  entry7b.o ABSOLUTE
    ../clib/microlib/init/entry.s            0x00000000   Number         0  entry7a.o ABSOLUTE
    ../clib/microlib/init/entry.s            0x00000000   Number         0  entry2.o ABSOLUTE
    ../clib/microlib/init/entry.s            0x00000000   Number         0  entry.o ABSOLUTE
    ../clib/microlib/string/memcpy.c         0x00000000   Number         0  memcpyb.o ABSOLUTE
    ../clib/microlib/string/memcpy.c         0x00000000   Number         0  memcpya.o ABSOLUTE
    ../clib/microlib/string/memset.c         0x00000000   Number         0  memseta.o ABSOLUTE
    ../clib/microlib/string/memset.c         0x00000000   Number         0  memset.o ABSOLUTE
    ..\Drivers\STM32L4xx_HAL_Driver\Src\stm32l4xx_hal.c 0x00000000   Number         0  stm32l4xx_hal.o ABSOLUTE
    ..\Drivers\STM32L4xx_HAL_Driver\Src\stm32l4xx_hal_cortex.c 0x00000000   Number         0  stm32l4xx_hal_cortex.o ABSOLUTE
    ..\Drivers\STM32L4xx_HAL_Driver\Src\stm32l4xx_hal_dma.c 0x00000000   Number         0  stm32l4xx_hal_dma.o ABSOLUTE
    ..\Drivers\STM32L4xx_HAL_Driver\Src\stm32l4xx_hal_dma_ex.c 0x00000000   Number         0  stm32l4xx_hal_dma_ex.o ABSOLUTE
    ..\Drivers\STM32L4xx_HAL_Driver\Src\stm32l4xx_hal_exti.c 0x00000000   Number         0  stm32l4xx_hal_exti.o ABSOLUTE
    ..\Drivers\STM32L4xx_HAL_Driver\Src\stm32l4xx_hal_flash.c 0x00000000   Number         0  stm32l4xx_hal_flash.o ABSOLUTE
    ..\Drivers\STM32L4xx_HAL_Driver\Src\stm32l4xx_hal_flash_ex.c 0x00000000   Number         0  stm32l4xx_hal_flash_ex.o ABSOLUTE
    ..\Drivers\STM32L4xx_HAL_Driver\Src\stm32l4xx_hal_flash_ramfunc.c 0x00000000   Number         0  stm32l4xx_hal_flash_ramfunc.o ABSOLUTE
    ..\Drivers\STM32L4xx_HAL_Driver\Src\stm32l4xx_hal_gpio.c 0x00000000   Number         0  stm32l4xx_hal_gpio.o ABSOLUTE
    ..\Drivers\STM32L4xx_HAL_Driver\Src\stm32l4xx_hal_i2c.c 0x00000000   Number         0  stm32l4xx_hal_i2c.o ABSOLUTE
    ..\Drivers\STM32L4xx_HAL_Driver\Src\stm32l4xx_hal_i2c_ex.c 0x00000000   Number         0  stm32l4xx_hal_i2c_ex.o ABSOLUTE
    ..\Drivers\STM32L4xx_HAL_Driver\Src\stm32l4xx_hal_lptim.c 0x00000000   Number         0  stm32l4xx_hal_lptim.o ABSOLUTE
    ..\Drivers\STM32L4xx_HAL_Driver\Src\stm32l4xx_hal_pwr.c 0x00000000   Number         0  stm32l4xx_hal_pwr.o ABSOLUTE
    ..\Drivers\STM32L4xx_HAL_Driver\Src\stm32l4xx_hal_pwr_ex.c 0x00000000   Number         0  stm32l4xx_hal_pwr_ex.o ABSOLUTE
    ..\Drivers\STM32L4xx_HAL_Driver\Src\stm32l4xx_hal_rcc.c 0x00000000   Number         0  stm32l4xx_hal_rcc.o ABSOLUTE
    ..\Drivers\STM32L4xx_HAL_Driver\Src\stm32l4xx_hal_rcc_ex.c 0x00000000   Number         0  stm32l4xx_hal_rcc_ex.o ABSOLUTE
    ..\Drivers\STM32L4xx_HAL_Driver\Src\stm32l4xx_hal_tim.c 0x00000000   Number         0  stm32l4xx_hal_tim.o ABSOLUTE
    ..\Drivers\STM32L4xx_HAL_Driver\Src\stm32l4xx_hal_tim_ex.c 0x00000000   Number         0  stm32l4xx_hal_tim_ex.o ABSOLUTE
    ..\Drivers\STM32L4xx_HAL_Driver\Src\stm32l4xx_ll_gpio.c 0x00000000   Number         0  stm32l4xx_ll_gpio.o ABSOLUTE
    ..\Drivers\STM32L4xx_HAL_Driver\Src\stm32l4xx_ll_lptim.c 0x00000000   Number         0  stm32l4xx_ll_lptim.o ABSOLUTE
    ..\Drivers\STM32L4xx_HAL_Driver\Src\stm32l4xx_ll_pwr.c 0x00000000   Number         0  stm32l4xx_ll_pwr.o ABSOLUTE
    ..\Drivers\STM32L4xx_HAL_Driver\Src\stm32l4xx_ll_rcc.c 0x00000000   Number         0  stm32l4xx_ll_rcc.o ABSOLUTE
    ..\FreeRTOS\Source\croutine.c            0x00000000   Number         0  croutine.o ABSOLUTE
    ..\FreeRTOS\Source\event_groups.c        0x00000000   Number         0  event_groups.o ABSOLUTE
    ..\FreeRTOS\Source\list.c                0x00000000   Number         0  list.o ABSOLUTE
    ..\FreeRTOS\Source\portable\MemMang\heap_1.c 0x00000000   Number         0  heap_1.o ABSOLUTE
    ..\FreeRTOS\Source\portable\RVDS\ARM_CM4F\port.c 0x00000000   Number         0  port.o ABSOLUTE
    ..\FreeRTOS\Source\queue.c               0x00000000   Number         0  queue.o ABSOLUTE
    ..\FreeRTOS\Source\stream_buffer.c       0x00000000   Number         0  stream_buffer.o ABSOLUTE
    ..\FreeRTOS\Source\tasks.c               0x00000000   Number         0  tasks.o ABSOLUTE
    ..\FreeRTOS\Source\timers.c              0x00000000   Number         0  timers.o ABSOLUTE
    ..\Src\main.c                            0x00000000   Number         0  main.o ABSOLUTE
    ..\Src\stm32l4xx_hal_msp.c               0x00000000   Number         0  stm32l4xx_hal_msp.o ABSOLUTE
    ..\Src\stm32l4xx_it.c                    0x00000000   Number         0  stm32l4xx_it.o ABSOLUTE
    ..\Src\system_stm32l4xx.c                0x00000000   Number         0  system_stm32l4xx.o ABSOLUTE
    ..\Src\test_application.c                0x00000000   Number         0  test_application.o ABSOLUTE
    ..\\Drivers\\STM32L4xx_HAL_Driver\\Src\\stm32l4xx_hal_lptim.c 0x00000000   Number         0  stm32l4xx_hal_lptim.o ABSOLUTE
    ..\\Drivers\\STM32L4xx_HAL_Driver\\Src\\stm32l4xx_ll_gpio.c 0x00000000   Number         0  stm32l4xx_ll_gpio.o ABSOLUTE
    ..\\Drivers\\STM32L4xx_HAL_Driver\\Src\\stm32l4xx_ll_lptim.c 0x00000000   Number         0  stm32l4xx_ll_lptim.o ABSOLUTE
    ..\\Drivers\\STM32L4xx_HAL_Driver\\Src\\stm32l4xx_ll_pwr.c 0x00000000   Number         0  stm32l4xx_ll_pwr.o ABSOLUTE
    ..\\Drivers\\STM32L4xx_HAL_Driver\\Src\\stm32l4xx_ll_rcc.c 0x00000000   Number         0  stm32l4xx_ll_rcc.o ABSOLUTE
    ..\\FreeRTOS\\Source\\portable\\RVDS\\ARM_CM4F\\port.c 0x00000000   Number         0  port.o ABSOLUTE
    ..\\Src\\test_application.c              0x00000000   Number         0  test_application.o ABSOLUTE
    dc.s                                     0x00000000   Number         0  dc.o ABSOLUTE
    handlers.s                               0x00000000   Number         0  handlers.o ABSOLUTE
    init.s                                   0x00000000   Number         0  init.o ABSOLUTE
    startup_stm32l476xx.s                    0x00000000   Number         0  startup_stm32l476xx.o ABSOLUTE
    RESET                                    0x08000000   Section      392  startup_stm32l476xx.o(RESET)
    .ARM.Collect$$$$00000000                 0x08000188   Section        0  entry.o(.ARM.Collect$$$$00000000)
    .ARM.Collect$$$$00000001                 0x08000188   Section        4  entry2.o(.ARM.Collect$$$$00000001)
    .ARM.Collect$$$$00000004                 0x0800018c   Section        4  entry5.o(.ARM.Collect$$$$00000004)
    .ARM.Collect$$$$00000008                 0x08000190   Section        0  entry7b.o(.ARM.Collect$$$$00000008)
    .ARM.Collect$$$$0000000A                 0x08000190   Section        0  entry8b.o(.ARM.Collect$$$$0000000A)
    .ARM.Collect$$$$0000000B                 0x08000190   Section        8  entry9a.o(.ARM.Collect$$$$0000000B)
    .ARM.Collect$$$$0000000D                 0x08000198   Section        0  entry10a.o(.ARM.Collect$$$$0000000D)
    .ARM.Collect$$$$0000000F                 0x08000198   Section        0  entry11a.o(.ARM.Collect$$$$0000000F)
    .ARM.Collect$$$$00002712                 0x08000198   Section        4  entry2.o(.ARM.Collect$$$$00002712)
    __lit__00000000                          0x08000198   Data           4  entry2.o(.ARM.Collect$$$$00002712)
    .emb_text                                0x0800019c   Section      190  port.o(.emb_text)
    $v0                                      0x0800019c   Number         0  port.o(.emb_text)
    .text                                    0x0800027c   Section       36  startup_stm32l476xx.o(.text)
    $v0                                      0x0800027c   Number         0  startup_stm32l476xx.o(.text)
    .text                                    0x080002a0   Section        0  memcpya.o(.text)
    .text                                    0x080002c4   Section        0  memseta.o(.text)
    .text                                    0x080002e8   Section       36  init.o(.text)
    i.BusFault_Handler                       0x0800030c   Section        0  stm32l4xx_it.o(i.BusFault_Handler)
    i.DebugMon_Handler                       0x0800030e   Section        0  stm32l4xx_it.o(i.DebugMon_Handler)
    i.Error_Handler                          0x08000310   Section        0  main.o(i.Error_Handler)
    i.HAL_GPIO_Init                          0x08000314   Section        0  stm32l4xx_hal_gpio.o(i.HAL_GPIO_Init)
    i.HAL_GetTick                            0x08000518   Section        0  stm32l4xx_hal.o(i.HAL_GetTick)
    i.HAL_IncTick                            0x08000524   Section        0  stm32l4xx_hal.o(i.HAL_IncTick)
    i.HAL_Init                               0x0800053c   Section        0  stm32l4xx_hal.o(i.HAL_Init)
    i.HAL_InitTick                           0x0800056c   Section        0  stm32l4xx_hal.o(i.HAL_InitTick)
    i.HAL_MspInit                            0x080005c4   Section        0  stm32l4xx_hal_msp.o(i.HAL_MspInit)
    i.HAL_NVIC_EnableIRQ                     0x08000604   Section        0  stm32l4xx_hal_cortex.o(i.HAL_NVIC_EnableIRQ)
    i.HAL_NVIC_SetPriority                   0x08000624   Section        0  stm32l4xx_hal_cortex.o(i.HAL_NVIC_SetPriority)
    i.HAL_NVIC_SetPriorityGrouping           0x080006a8   Section        0  stm32l4xx_hal_cortex.o(i.HAL_NVIC_SetPriorityGrouping)
    i.HAL_PWREx_ControlVoltageScaling        0x080006d0   Section        0  stm32l4xx_hal_pwr_ex.o(i.HAL_PWREx_ControlVoltageScaling)
    i.HAL_PWREx_GetVoltageRange              0x0800075c   Section        0  stm32l4xx_hal_pwr_ex.o(i.HAL_PWREx_GetVoltageRange)
    i.HAL_RCCEx_PeriphCLKConfig              0x0800076c   Section        0  stm32l4xx_hal_rcc_ex.o(i.HAL_RCCEx_PeriphCLKConfig)
    i.HAL_RCC_ClockConfig                    0x08000c40   Section        0  stm32l4xx_hal_rcc.o(i.HAL_RCC_ClockConfig)
    i.HAL_RCC_GetSysClockFreq                0x08000dbc   Section        0  stm32l4xx_hal_rcc.o(i.HAL_RCC_GetSysClockFreq)
    i.HAL_RCC_OscConfig                      0x08000ea8   Section        0  stm32l4xx_hal_rcc.o(i.HAL_RCC_OscConfig)
    i.HAL_SYSTICK_Config                     0x08001534   Section        0  stm32l4xx_hal_cortex.o(i.HAL_SYSTICK_Config)
    i.HardFault_Handler                      0x08001568   Section        0  stm32l4xx_it.o(i.HardFault_Handler)
    i.LL_GPIO_ResetOutputPin                 0x0800156a   Section        0  test_application.o(i.LL_GPIO_ResetOutputPin)
    LL_GPIO_ResetOutputPin                   0x0800156b   Thumb Code     4  test_application.o(i.LL_GPIO_ResetOutputPin)
    i.LL_GPIO_SetOutputPin                   0x0800156e   Section        0  test_application.o(i.LL_GPIO_SetOutputPin)
    LL_GPIO_SetOutputPin                     0x0800156f   Thumb Code     4  test_application.o(i.LL_GPIO_SetOutputPin)
    i.LL_LPTIM_ClearFLAG_CMPM                0x08001572   Section        0  test_application.o(i.LL_LPTIM_ClearFLAG_CMPM)
    LL_LPTIM_ClearFLAG_CMPM                  0x08001573   Thumb Code    10  test_application.o(i.LL_LPTIM_ClearFLAG_CMPM)
    i.LL_LPTIM_ClearFlag_CMPOK               0x0800157c   Section        0  test_application.o(i.LL_LPTIM_ClearFlag_CMPOK)
    LL_LPTIM_ClearFlag_CMPOK                 0x0800157d   Thumb Code    10  test_application.o(i.LL_LPTIM_ClearFlag_CMPOK)
    i.LL_LPTIM_DeInit                        0x08001588   Section        0  stm32l4xx_ll_lptim.o(i.LL_LPTIM_DeInit)
    i.LL_LPTIM_Disable                       0x080015e4   Section        0  stm32l4xx_ll_lptim.o(i.LL_LPTIM_Disable)
    i.LL_LPTIM_Init                          0x080016f4   Section        0  stm32l4xx_ll_lptim.o(i.LL_LPTIM_Init)
    i.LL_LPTIM_IsActiveFlag_CMPM             0x08001728   Section        0  test_application.o(i.LL_LPTIM_IsActiveFlag_CMPM)
    LL_LPTIM_IsActiveFlag_CMPM               0x08001729   Thumb Code    10  test_application.o(i.LL_LPTIM_IsActiveFlag_CMPM)
    i.LL_LPTIM_SetCompare                    0x08001732   Section        0  test_application.o(i.LL_LPTIM_SetCompare)
    LL_LPTIM_SetCompare                      0x08001733   Thumb Code    12  test_application.o(i.LL_LPTIM_SetCompare)
    i.LL_LPTIM_StructInit                    0x0800173e   Section        0  stm32l4xx_ll_lptim.o(i.LL_LPTIM_StructInit)
    i.LL_RCC_GetLPTIMClockFreq               0x0800174c   Section        0  stm32l4xx_ll_rcc.o(i.LL_RCC_GetLPTIMClockFreq)
    i.LL_RCC_GetLPTIMClockSource             0x0800181c   Section        0  stm32l4xx_ll_lptim.o(i.LL_RCC_GetLPTIMClockSource)
    LL_RCC_GetLPTIMClockSource               0x0800181d   Thumb Code    14  stm32l4xx_ll_lptim.o(i.LL_RCC_GetLPTIMClockSource)
    i.LL_RCC_GetLPTIMClockSource             0x08001830   Section        0  stm32l4xx_ll_rcc.o(i.LL_RCC_GetLPTIMClockSource)
    LL_RCC_GetLPTIMClockSource               0x08001831   Thumb Code    14  stm32l4xx_ll_rcc.o(i.LL_RCC_GetLPTIMClockSource)
    i.LL_RCC_GetSystemClocksFreq             0x08001844   Section        0  stm32l4xx_ll_rcc.o(i.LL_RCC_GetSystemClocksFreq)
    i.LL_RCC_HSI_IsReady                     0x08001868   Section        0  stm32l4xx_ll_rcc.o(i.LL_RCC_HSI_IsReady)
    LL_RCC_HSI_IsReady                       0x08001869   Thumb Code    10  stm32l4xx_ll_rcc.o(i.LL_RCC_HSI_IsReady)
    i.LL_RCC_LSE_IsReady                     0x08001878   Section        0  stm32l4xx_ll_rcc.o(i.LL_RCC_LSE_IsReady)
    LL_RCC_LSE_IsReady                       0x08001879   Thumb Code    10  stm32l4xx_ll_rcc.o(i.LL_RCC_LSE_IsReady)
    i.LL_RCC_LSI_IsReady                     0x08001888   Section        0  stm32l4xx_ll_rcc.o(i.LL_RCC_LSI_IsReady)
    LL_RCC_LSI_IsReady                       0x08001889   Thumb Code    10  stm32l4xx_ll_rcc.o(i.LL_RCC_LSI_IsReady)
    i.LL_RCC_MSI_GetRange                    0x08001898   Section        0  stm32l4xx_ll_rcc.o(i.LL_RCC_MSI_GetRange)
    LL_RCC_MSI_GetRange                      0x08001899   Thumb Code    10  stm32l4xx_ll_rcc.o(i.LL_RCC_MSI_GetRange)
    i.LL_RCC_MSI_GetRangeAfterStandby        0x080018a8   Section        0  stm32l4xx_ll_rcc.o(i.LL_RCC_MSI_GetRangeAfterStandby)
    LL_RCC_MSI_GetRangeAfterStandby          0x080018a9   Thumb Code    10  stm32l4xx_ll_rcc.o(i.LL_RCC_MSI_GetRangeAfterStandby)
    i.LL_RCC_MSI_IsEnabledRangeSelect        0x080018b8   Section        0  stm32l4xx_ll_rcc.o(i.LL_RCC_MSI_IsEnabledRangeSelect)
    LL_RCC_MSI_IsEnabledRangeSelect          0x080018b9   Thumb Code    10  stm32l4xx_ll_rcc.o(i.LL_RCC_MSI_IsEnabledRangeSelect)
    i.LL_RCC_PLL_GetDivider                  0x080018c8   Section        0  stm32l4xx_ll_rcc.o(i.LL_RCC_PLL_GetDivider)
    LL_RCC_PLL_GetDivider                    0x080018c9   Thumb Code    10  stm32l4xx_ll_rcc.o(i.LL_RCC_PLL_GetDivider)
    i.LL_RCC_PLL_GetMainSource               0x080018d8   Section        0  stm32l4xx_ll_rcc.o(i.LL_RCC_PLL_GetMainSource)
    LL_RCC_PLL_GetMainSource                 0x080018d9   Thumb Code    10  stm32l4xx_ll_rcc.o(i.LL_RCC_PLL_GetMainSource)
    i.LL_RCC_PLL_GetN                        0x080018e8   Section        0  stm32l4xx_ll_rcc.o(i.LL_RCC_PLL_GetN)
    LL_RCC_PLL_GetN                          0x080018e9   Thumb Code    10  stm32l4xx_ll_rcc.o(i.LL_RCC_PLL_GetN)
    i.LL_RCC_SetLPTIMClockSource             0x080018f8   Section        0  stm32l4xx_ll_lptim.o(i.LL_RCC_SetLPTIMClockSource)
    LL_RCC_SetLPTIMClockSource               0x080018f9   Thumb Code    24  stm32l4xx_ll_lptim.o(i.LL_RCC_SetLPTIMClockSource)
    i.LPTIM2_IRQHandler                      0x08001914   Section        0  test_application.o(i.LPTIM2_IRQHandler)
    i.MemManage_Handler                      0x08001abc   Section        0  stm32l4xx_it.o(i.MemManage_Handler)
    i.NMI_Handler                            0x08001abe   Section        0  stm32l4xx_it.o(i.NMI_Handler)
    i.RCCEx_PLLSAI1_Config                   0x08001ac0   Section        0  stm32l4xx_hal_rcc_ex.o(i.RCCEx_PLLSAI1_Config)
    RCCEx_PLLSAI1_Config                     0x08001ac1   Thumb Code   378  stm32l4xx_hal_rcc_ex.o(i.RCCEx_PLLSAI1_Config)
    i.RCCEx_PLLSAI2_Config                   0x08001c4c   Section        0  stm32l4xx_hal_rcc_ex.o(i.RCCEx_PLLSAI2_Config)
    RCCEx_PLLSAI2_Config                     0x08001c4d   Thumb Code   342  stm32l4xx_hal_rcc_ex.o(i.RCCEx_PLLSAI2_Config)
    i.RCC_GetHCLKClockFreq                   0x08001db0   Section        0  stm32l4xx_ll_rcc.o(i.RCC_GetHCLKClockFreq)
    i.RCC_GetPCLK1ClockFreq                  0x08001dd0   Section        0  stm32l4xx_ll_rcc.o(i.RCC_GetPCLK1ClockFreq)
    i.RCC_GetPCLK2ClockFreq                  0x08001df4   Section        0  stm32l4xx_ll_rcc.o(i.RCC_GetPCLK2ClockFreq)
    i.RCC_GetSystemClockFreq                 0x08001e18   Section        0  stm32l4xx_ll_rcc.o(i.RCC_GetSystemClockFreq)
    i.RCC_PLL_GetFreqDomain_SYS              0x08001ed4   Section        0  stm32l4xx_ll_rcc.o(i.RCC_PLL_GetFreqDomain_SYS)
    i.RCC_SetFlashLatencyFromMSIRange        0x08001fa8   Section        0  stm32l4xx_hal_rcc.o(i.RCC_SetFlashLatencyFromMSIRange)
    RCC_SetFlashLatencyFromMSIRange          0x08001fa9   Thumb Code   148  stm32l4xx_hal_rcc.o(i.RCC_SetFlashLatencyFromMSIRange)
    i.SysTick_Handler                        0x08002044   Section        0  stm32l4xx_it.o(i.SysTick_Handler)
    i.SystemClock_Config                     0x08002048   Section        0  main.o(i.SystemClock_Config)
    i.SystemInit                             0x080020d0   Section        0  system_stm32l4xx.o(i.SystemInit)
    i.UsageFault_Handler                     0x08002120   Section        0  stm32l4xx_it.o(i.UsageFault_Handler)
    i.__NVIC_GetPriorityGrouping             0x08002124   Section        0  stm32l4xx_hal_cortex.o(i.__NVIC_GetPriorityGrouping)
    __NVIC_GetPriorityGrouping               0x08002125   Thumb Code    10  stm32l4xx_hal_cortex.o(i.__NVIC_GetPriorityGrouping)
    i.__NVIC_SetPriority                     0x08002134   Section        0  stm32l4xx_hal_cortex.o(i.__NVIC_SetPriority)
    __NVIC_SetPriority                       0x08002135   Thumb Code    32  stm32l4xx_hal_cortex.o(i.__NVIC_SetPriority)
    i.__aeabi_assert                         0x0800215c   Section        0  test_application.o(i.__aeabi_assert)
    i.__scatterload_copy                     0x08002160   Section       14  handlers.o(i.__scatterload_copy)
    i.__scatterload_null                     0x0800216e   Section        2  handlers.o(i.__scatterload_null)
    i.__scatterload_zeroinit                 0x08002170   Section       14  handlers.o(i.__scatterload_zeroinit)
    i.config_pin_it_rising                   0x08002180   Section        0  test_application.o(i.config_pin_it_rising)
    config_pin_it_rising                     0x08002181   Thumb Code    32  test_application.o(i.config_pin_it_rising)
    i.config_pin_output_pp                   0x080021a4   Section        0  test_application.o(i.config_pin_output_pp)
    config_pin_output_pp                     0x080021a5   Thumb Code    40  test_application.o(i.config_pin_output_pp)
    i.detect_debugger                        0x080021d0   Section        0  main.o(i.detect_debugger)
    detect_debugger                          0x080021d1   Thumb Code    38  main.o(i.detect_debugger)
    i.eTaskConfirmSleepModeStatus            0x08002200   Section        0  tasks.o(i.eTaskConfirmSleepModeStatus)
    i.get_lptim_value                        0x08002230   Section        0  test_application.o(i.get_lptim_value)
    get_lptim_value                          0x08002231   Thumb Code    38  test_application.o(i.get_lptim_value)
    i.main                                   0x0800225c   Section        0  main.o(i.main)
    i.prvAddCurrentTaskToDelayedList         0x08002278   Section        0  tasks.o(i.prvAddCurrentTaskToDelayedList)
    prvAddCurrentTaskToDelayedList           0x08002279   Thumb Code   102  tasks.o(i.prvAddCurrentTaskToDelayedList)
    i.prvAddNewTaskToReadyList               0x080022e8   Section        0  tasks.o(i.prvAddNewTaskToReadyList)
    prvAddNewTaskToReadyList                 0x080022e9   Thumb Code   196  tasks.o(i.prvAddNewTaskToReadyList)
    i.prvCheckForValidListAndQueue           0x080023b8   Section        0  timers.o(i.prvCheckForValidListAndQueue)
    prvCheckForValidListAndQueue             0x080023b9   Thumb Code    72  timers.o(i.prvCheckForValidListAndQueue)
    i.prvCopyDataFromQueue                   0x0800241c   Section        0  queue.o(i.prvCopyDataFromQueue)
    prvCopyDataFromQueue                     0x0800241d   Thumb Code    42  queue.o(i.prvCopyDataFromQueue)
    i.prvCopyDataToQueue                     0x08002446   Section        0  queue.o(i.prvCopyDataToQueue)
    prvCopyDataToQueue                       0x08002447   Thumb Code   124  queue.o(i.prvCopyDataToQueue)
    i.prvDeleteTCB                           0x080024c2   Section        0  tasks.o(i.prvDeleteTCB)
    prvDeleteTCB                             0x080024c3   Thumb Code    20  tasks.o(i.prvDeleteTCB)
    i.prvGetExpectedIdleTime                 0x080024d8   Section        0  tasks.o(i.prvGetExpectedIdleTime)
    prvGetExpectedIdleTime                   0x080024d9   Thumb Code    42  tasks.o(i.prvGetExpectedIdleTime)
    i.prvGetNextExpireTime                   0x0800250c   Section        0  timers.o(i.prvGetNextExpireTime)
    prvGetNextExpireTime                     0x0800250d   Thumb Code    36  timers.o(i.prvGetNextExpireTime)
    i.prvIdleTask                            0x08002534   Section        0  tasks.o(i.prvIdleTask)
    prvIdleTask                              0x08002535   Thumb Code   130  tasks.o(i.prvIdleTask)
    i.prvInitialiseNewQueue                  0x080025c4   Section        0  queue.o(i.prvInitialiseNewQueue)
    prvInitialiseNewQueue                    0x080025c5   Thumb Code    42  queue.o(i.prvInitialiseNewQueue)
    i.prvInitialiseNewTask                   0x080025ee   Section        0  tasks.o(i.prvInitialiseNewTask)
    prvInitialiseNewTask                     0x080025ef   Thumb Code   158  tasks.o(i.prvInitialiseNewTask)
    i.prvInsertTimerInActiveList             0x0800268c   Section        0  timers.o(i.prvInsertTimerInActiveList)
    prvInsertTimerInActiveList               0x0800268d   Thumb Code    80  timers.o(i.prvInsertTimerInActiveList)
    i.prvIsQueueEmpty                        0x080026e4   Section        0  queue.o(i.prvIsQueueEmpty)
    prvIsQueueEmpty                          0x080026e5   Thumb Code    26  queue.o(i.prvIsQueueEmpty)
    i.prvIsQueueFull                         0x080026fe   Section        0  queue.o(i.prvIsQueueFull)
    prvIsQueueFull                           0x080026ff   Thumb Code    30  queue.o(i.prvIsQueueFull)
    i.prvProcessExpiredTimer                 0x0800271c   Section        0  timers.o(i.prvProcessExpiredTimer)
    prvProcessExpiredTimer                   0x0800271d   Thumb Code    94  timers.o(i.prvProcessExpiredTimer)
    i.prvProcessReceivedCommands             0x08002780   Section        0  timers.o(i.prvProcessReceivedCommands)
    prvProcessReceivedCommands               0x08002781   Thumb Code   284  timers.o(i.prvProcessReceivedCommands)
    i.prvProcessTimerOrBlockTask             0x080028a0   Section        0  timers.o(i.prvProcessTimerOrBlockTask)
    prvProcessTimerOrBlockTask               0x080028a1   Thumb Code   102  timers.o(i.prvProcessTimerOrBlockTask)
    i.prvResetNextTaskUnblockTime            0x08002914   Section        0  tasks.o(i.prvResetNextTaskUnblockTime)
    prvResetNextTaskUnblockTime              0x08002915   Thumb Code    26  tasks.o(i.prvResetNextTaskUnblockTime)
    i.prvSampleTimeNow                       0x08002934   Section        0  timers.o(i.prvSampleTimeNow)
    prvSampleTimeNow                         0x08002935   Thumb Code    40  timers.o(i.prvSampleTimeNow)
    i.prvSwitchTimerLists                    0x08002960   Section        0  timers.o(i.prvSwitchTimerLists)
    prvSwitchTimerLists                      0x08002961   Thumb Code   150  timers.o(i.prvSwitchTimerLists)
    i.prvTaskExitError                       0x08002a00   Section        0  port.o(i.prvTaskExitError)
    prvTaskExitError                         0x08002a01   Thumb Code    60  port.o(i.prvTaskExitError)
    i.prvTimerTask                           0x08002a40   Section        0  timers.o(i.prvTimerTask)
    prvTimerTask                             0x08002a41   Thumb Code    26  timers.o(i.prvTimerTask)
    i.prvUnlockQueue                         0x08002a5a   Section        0  queue.o(i.prvUnlockQueue)
    prvUnlockQueue                           0x08002a5b   Thumb Code   126  queue.o(i.prvUnlockQueue)
    i.pvPortMalloc                           0x08002ad8   Section        0  heap_1.o(i.pvPortMalloc)
    i.pxPortInitialiseStack                  0x08002b48   Section        0  port.o(i.pxPortInitialiseStack)
    i.set_compare_match                      0x08002b74   Section        0  test_application.o(i.set_compare_match)
    set_compare_match                        0x08002b75   Thumb Code    42  test_application.o(i.set_compare_match)
    i.sysclk_driver_enter_sleep              0x08002ba4   Section        0  test_application.o(i.sysclk_driver_enter_sleep)
    sysclk_driver_enter_sleep                0x08002ba5   Thumb Code    26  test_application.o(i.sysclk_driver_enter_sleep)
    i.tickless_1_task                        0x08002bc4   Section        0  test_application.o(i.tickless_1_task)
    i.tickless_2_task                        0x08002bec   Section        0  test_application.o(i.tickless_2_task)
    i.tickless_3_task                        0x08002c14   Section        0  test_application.o(i.tickless_3_task)
    i.tickless_testapp                       0x08002c58   Section        0  test_application.o(i.tickless_testapp)
    i.uxListRemove                           0x08002da0   Section        0  list.o(i.uxListRemove)
    i.vApplicationStackOverflowHook          0x08002dc8   Section        0  test_application.o(i.vApplicationStackOverflowHook)
    i.vListInitialise                        0x08002dcc   Section        0  list.o(i.vListInitialise)
    i.vListInitialiseItem                    0x08002de6   Section        0  list.o(i.vListInitialiseItem)
    i.vListInsert                            0x08002dec   Section        0  list.o(i.vListInsert)
    i.vListInsertEnd                         0x08002e20   Section        0  list.o(i.vListInsertEnd)
    i.vPortEnterCritical                     0x08002e38   Section        0  port.o(i.vPortEnterCritical)
    i.vPortExitCritical                      0x08002e8c   Section        0  port.o(i.vPortExitCritical)
    i.vPortFree                              0x08002ec8   Section        0  heap_1.o(i.vPortFree)
    i.vPortSetupTimerInterrupt               0x08002eec   Section        0  test_application.o(i.vPortSetupTimerInterrupt)
    i.vPortSuppressTicksAndSleep             0x080030c4   Section        0  test_application.o(i.vPortSuppressTicksAndSleep)
    i.vPortValidateInterruptPriority         0x0800366c   Section        0  port.o(i.vPortValidateInterruptPriority)
    i.vQueueAddToRegistry                    0x080036e4   Section        0  queue.o(i.vQueueAddToRegistry)
    i.vQueueWaitForMessageRestricted         0x08003710   Section        0  queue.o(i.vQueueWaitForMessageRestricted)
    i.vTaskDelayUntil                        0x0800375c   Section        0  tasks.o(i.vTaskDelayUntil)
    i.vTaskInternalSetTimeOutState           0x080037e8   Section        0  tasks.o(i.vTaskInternalSetTimeOutState)
    i.vTaskMissedYield                       0x080037f8   Section        0  tasks.o(i.vTaskMissedYield)
    i.vTaskPlaceOnEventList                  0x08003804   Section        0  tasks.o(i.vTaskPlaceOnEventList)
    i.vTaskPlaceOnEventListRestricted        0x08003834   Section        0  tasks.o(i.vTaskPlaceOnEventListRestricted)
    i.vTaskStartScheduler                    0x0800386c   Section        0  tasks.o(i.vTaskStartScheduler)
    i.vTaskStepTick                          0x080038dc   Section        0  tasks.o(i.vTaskStepTick)
    i.vTaskSuspendAll                        0x08003904   Section        0  tasks.o(i.vTaskSuspendAll)
    i.vTaskSwitchContext                     0x08003914   Section        0  tasks.o(i.vTaskSwitchContext)
    i.xPortStartScheduler                    0x0800399c   Section        0  port.o(i.xPortStartScheduler)
    i.xPortSysTickHandler                    0x08003b04   Section        0  port.o(i.xPortSysTickHandler)
    i.xQueueGenericCreate                    0x08003b38   Section        0  queue.o(i.xQueueGenericCreate)
    i.xQueueGenericReset                     0x08003b90   Section        0  queue.o(i.xQueueGenericReset)
    i.xQueueGenericSend                      0x08003c28   Section        0  queue.o(i.xQueueGenericSend)
    i.xQueueGenericSendFromISR               0x08003dd0   Section        0  queue.o(i.xQueueGenericSendFromISR)
    i.xQueueReceive                          0x08003ed0   Section        0  queue.o(i.xQueueReceive)
    i.xTaskCheckForTimeOut                   0x08004038   Section        0  tasks.o(i.xTaskCheckForTimeOut)
    i.xTaskCreate                            0x080040ac   Section        0  tasks.o(i.xTaskCreate)
    i.xTaskGetSchedulerState                 0x08004108   Section        0  tasks.o(i.xTaskGetSchedulerState)
    i.xTaskGetTickCount                      0x08004124   Section        0  tasks.o(i.xTaskGetTickCount)
    i.xTaskIncrementTick                     0x08004130   Section        0  tasks.o(i.xTaskIncrementTick)
    i.xTaskPriorityDisinherit                0x080041f8   Section        0  tasks.o(i.xTaskPriorityDisinherit)
    i.xTaskRemoveFromEventList               0x08004290   Section        0  tasks.o(i.xTaskRemoveFromEventList)
    i.xTaskResumeAll                         0x0800430c   Section        0  tasks.o(i.xTaskResumeAll)
    i.xTimerCreateTimerTask                  0x080043d0   Section        0  timers.o(i.xTimerCreateTimerTask)
    i.xTimerGenericCommand                   0x08004428   Section        0  timers.o(i.xTimerGenericCommand)
    .constdata                               0x080044ac   Section       92  test_application.o(.constdata)
    CHANNEL_OFFSET_TAB                       0x080044ac   Data           7  test_application.o(.constdata)
    OFFSET_TAB_CCMRx                         0x080044b3   Data           9  test_application.o(.constdata)
    SHIFT_TAB_OCxx                           0x080044bc   Data           9  test_application.o(.constdata)
    SHIFT_TAB_ICxx                           0x080044c5   Data           9  test_application.o(.constdata)
    SHIFT_TAB_CCxP                           0x080044ce   Data           9  test_application.o(.constdata)
    SHIFT_TAB_OISx                           0x080044d7   Data           9  test_application.o(.constdata)
    .constdata                               0x08004508   Section       72  system_stm32l4xx.o(.constdata)
    .conststring                             0x08004550   Section       70  test_application.o(.conststring)
    .data                                    0x20000000   Section       52  test_application.o(.data)
    _task3_event_queue                       0x20000030   Data           4  test_application.o(.data)
    .data                                    0x20000034   Section       60  tasks.o(.data)
    uxDeletedTasksWaitingCleanUp             0x20000038   Data           4  tasks.o(.data)
    uxCurrentNumberOfTasks                   0x2000003c   Data           4  tasks.o(.data)
    xTickCount                               0x20000040   Data           4  tasks.o(.data)
    uxTopReadyPriority                       0x20000044   Data           4  tasks.o(.data)
    xSchedulerRunning                        0x20000048   Data           4  tasks.o(.data)
    uxPendedTicks                            0x2000004c   Data           4  tasks.o(.data)
    xYieldPending                            0x20000050   Data           4  tasks.o(.data)
    xNumOfOverflows                          0x20000054   Data           4  tasks.o(.data)
    uxTaskNumber                             0x20000058   Data           4  tasks.o(.data)
    xNextTaskUnblockTime                     0x2000005c   Data           4  tasks.o(.data)
    xIdleTaskHandle                          0x20000060   Data           4  tasks.o(.data)
    uxSchedulerSuspended                     0x20000064   Data           4  tasks.o(.data)
    pxDelayedTaskList                        0x20000068   Data           4  tasks.o(.data)
    pxOverflowDelayedTaskList                0x2000006c   Data           4  tasks.o(.data)
    .data                                    0x20000070   Section       20  timers.o(.data)
    pxCurrentTimerList                       0x20000070   Data           4  timers.o(.data)
    pxOverflowTimerList                      0x20000074   Data           4  timers.o(.data)
    xTimerQueue                              0x20000078   Data           4  timers.o(.data)
    xTimerTaskHandle                         0x2000007c   Data           4  timers.o(.data)
    xLastTime                                0x20000080   Data           4  timers.o(.data)
    .data                                    0x20000084   Section       12  port.o(.data)
    uxCriticalNesting                        0x20000084   Data           4  port.o(.data)
    ucMaxSysCallPriority                     0x20000088   Data           1  port.o(.data)
    ulMaxPRIGROUPValue                       0x2000008c   Data           4  port.o(.data)
    .data                                    0x20000090   Section        8  heap_1.o(.data)
    xNextFreeByte                            0x20000090   Data           4  heap_1.o(.data)
    pucAlignedHeap                           0x20000094   Data           4  heap_1.o(.data)
    .data                                    0x20000098   Section       12  stm32l4xx_hal.o(.data)
    .data                                    0x200000a4   Section        4  system_stm32l4xx.o(.data)
    .bss                                     0x200000a8   Section       64  queue.o(.bss)
    .bss                                     0x200000e8   Section      240  tasks.o(.bss)
    pxReadyTasksLists                        0x200000e8   Data         140  tasks.o(.bss)
    xDelayedTaskList1                        0x20000174   Data          20  tasks.o(.bss)
    xDelayedTaskList2                        0x20000188   Data          20  tasks.o(.bss)
    xPendingReadyList                        0x2000019c   Data          20  tasks.o(.bss)
    xTasksWaitingTermination                 0x200001b0   Data          20  tasks.o(.bss)
    xSuspendedTaskList                       0x200001c4   Data          20  tasks.o(.bss)
    .bss                                     0x200001d8   Section       40  timers.o(.bss)
    xActiveTimerList1                        0x200001d8   Data          20  timers.o(.bss)
    xActiveTimerList2                        0x200001ec   Data          20  timers.o(.bss)
    .bss                                     0x20000200   Section    32768  heap_1.o(.bss)
    ucHeap                                   0x20000200   Data       32768  heap_1.o(.bss)
    STACK                                    0x20008200   Section     1024  startup_stm32l476xx.o(STACK)

    Global Symbols

    Symbol Name                              Value     Ov Type        Size  Object(Section)

    BuildAttributes$$THM_ISAv4$E$P$D$K$B$S$7EM$VFPi3$EXTD16$VFPS$VFMA$PE$A:L22UL41UL21$X:L11$S22US41US21$IEEE1$IW$USESV6$~STKCKD$USESV7$~SHL$OSPACE$EBA8$MICROLIB$REQ8$PRES8$EABIv2 0x00000000   Number         0  anon$$obj.o ABSOLUTE
    __ARM_use_no_argv                        0x00000000   Number         0  main.o ABSOLUTE
    __cpp_initialize__aeabi_                  - Undefined Weak Reference
    __cxa_finalize                            - Undefined Weak Reference
    __decompress                              - Undefined Weak Reference
    _clock_init                               - Undefined Weak Reference
    _microlib_exit                            - Undefined Weak Reference
    __Vectors_Size                           0x00000188   Number         0  startup_stm32l476xx.o ABSOLUTE
    __Vectors                                0x08000000   Data           4  startup_stm32l476xx.o(RESET)
    __Vectors_End                            0x08000188   Data           0  startup_stm32l476xx.o(RESET)
    __main                                   0x08000189   Thumb Code     0  entry.o(.ARM.Collect$$$$00000000)
    _main_stk                                0x08000189   Thumb Code     0  entry2.o(.ARM.Collect$$$$00000001)
    _main_scatterload                        0x0800018d   Thumb Code     0  entry5.o(.ARM.Collect$$$$00000004)
    __main_after_scatterload                 0x08000191   Thumb Code     0  entry5.o(.ARM.Collect$$$$00000004)
    _main_clock                              0x08000191   Thumb Code     0  entry7b.o(.ARM.Collect$$$$00000008)
    _main_cpp_init                           0x08000191   Thumb Code     0  entry8b.o(.ARM.Collect$$$$0000000A)
    _main_init                               0x08000191   Thumb Code     0  entry9a.o(.ARM.Collect$$$$0000000B)
    __rt_final_cpp                           0x08000199   Thumb Code     0  entry10a.o(.ARM.Collect$$$$0000000D)
    __rt_final_exit                          0x08000199   Thumb Code     0  entry11a.o(.ARM.Collect$$$$0000000F)
    SVC_Handler                              0x0800019d   Thumb Code    28  port.o(.emb_text)
    __asm___6_port_c_39a90d8d__prvStartFirstTask 0x080001bd   Thumb Code    36  port.o(.emb_text)
    __asm___6_port_c_39a90d8d__prvEnableVFP  0x080001e5   Thumb Code    16  port.o(.emb_text)
    PendSV_Handler                           0x080001f9   Thumb Code    88  port.o(.emb_text)
    vPortGetIPSR                             0x08000255   Thumb Code     6  port.o(.emb_text)
    Reset_Handler                            0x0800027d   Thumb Code     8  startup_stm32l476xx.o(.text)
    ADC1_2_IRQHandler                        0x08000297   Thumb Code     0  startup_stm32l476xx.o(.text)
    ADC3_IRQHandler                          0x08000297   Thumb Code     0  startup_stm32l476xx.o(.text)
    CAN1_RX0_IRQHandler                      0x08000297   Thumb Code     0  startup_stm32l476xx.o(.text)
    CAN1_RX1_IRQHandler                      0x08000297   Thumb Code     0  startup_stm32l476xx.o(.text)
    CAN1_SCE_IRQHandler                      0x08000297   Thumb Code     0  startup_stm32l476xx.o(.text)
    CAN1_TX_IRQHandler                       0x08000297   Thumb Code     0  startup_stm32l476xx.o(.text)
    COMP_IRQHandler                          0x08000297   Thumb Code     0  startup_stm32l476xx.o(.text)
    DFSDM1_FLT0_IRQHandler                   0x08000297   Thumb Code     0  startup_stm32l476xx.o(.text)
    DFSDM1_FLT1_IRQHandler                   0x08000297   Thumb Code     0  startup_stm32l476xx.o(.text)
    DFSDM1_FLT2_IRQHandler                   0x08000297   Thumb Code     0  startup_stm32l476xx.o(.text)
    DFSDM1_FLT3_IRQHandler                   0x08000297   Thumb Code     0  startup_stm32l476xx.o(.text)
    DMA1_Channel1_IRQHandler                 0x08000297   Thumb Code     0  startup_stm32l476xx.o(.text)
    DMA1_Channel2_IRQHandler                 0x08000297   Thumb Code     0  startup_stm32l476xx.o(.text)
    DMA1_Channel3_IRQHandler                 0x08000297   Thumb Code     0  startup_stm32l476xx.o(.text)
    DMA1_Channel4_IRQHandler                 0x08000297   Thumb Code     0  startup_stm32l476xx.o(.text)
    DMA1_Channel5_IRQHandler                 0x08000297   Thumb Code     0  startup_stm32l476xx.o(.text)
    DMA1_Channel6_IRQHandler                 0x08000297   Thumb Code     0  startup_stm32l476xx.o(.text)
    DMA1_Channel7_IRQHandler                 0x08000297   Thumb Code     0  startup_stm32l476xx.o(.text)
    DMA2_Channel1_IRQHandler                 0x08000297   Thumb Code     0  startup_stm32l476xx.o(.text)
    DMA2_Channel2_IRQHandler                 0x08000297   Thumb Code     0  startup_stm32l476xx.o(.text)
    DMA2_Channel3_IRQHandler                 0x08000297   Thumb Code     0  startup_stm32l476xx.o(.text)
    DMA2_Channel4_IRQHandler                 0x08000297   Thumb Code     0  startup_stm32l476xx.o(.text)
    DMA2_Channel5_IRQHandler                 0x08000297   Thumb Code     0  startup_stm32l476xx.o(.text)
    DMA2_Channel6_IRQHandler                 0x08000297   Thumb Code     0  startup_stm32l476xx.o(.text)
    DMA2_Channel7_IRQHandler                 0x08000297   Thumb Code     0  startup_stm32l476xx.o(.text)
    EXTI0_IRQHandler                         0x08000297   Thumb Code     0  startup_stm32l476xx.o(.text)
    EXTI15_10_IRQHandler                     0x08000297   Thumb Code     0  startup_stm32l476xx.o(.text)
    EXTI1_IRQHandler                         0x08000297   Thumb Code     0  startup_stm32l476xx.o(.text)
    EXTI2_IRQHandler                         0x08000297   Thumb Code     0  startup_stm32l476xx.o(.text)
    EXTI3_IRQHandler                         0x08000297   Thumb Code     0  startup_stm32l476xx.o(.text)
    EXTI4_IRQHandler                         0x08000297   Thumb Code     0  startup_stm32l476xx.o(.text)
    EXTI9_5_IRQHandler                       0x08000297   Thumb Code     0  startup_stm32l476xx.o(.text)
    FLASH_IRQHandler                         0x08000297   Thumb Code     0  startup_stm32l476xx.o(.text)
    FMC_IRQHandler                           0x08000297   Thumb Code     0  startup_stm32l476xx.o(.text)
    FPU_IRQHandler                           0x08000297   Thumb Code     0  startup_stm32l476xx.o(.text)
    I2C1_ER_IRQHandler                       0x08000297   Thumb Code     0  startup_stm32l476xx.o(.text)
    I2C1_EV_IRQHandler                       0x08000297   Thumb Code     0  startup_stm32l476xx.o(.text)
    I2C2_ER_IRQHandler                       0x08000297   Thumb Code     0  startup_stm32l476xx.o(.text)
    I2C2_EV_IRQHandler                       0x08000297   Thumb Code     0  startup_stm32l476xx.o(.text)
    I2C3_ER_IRQHandler                       0x08000297   Thumb Code     0  startup_stm32l476xx.o(.text)
    I2C3_EV_IRQHandler                       0x08000297   Thumb Code     0  startup_stm32l476xx.o(.text)
    LCD_IRQHandler                           0x08000297   Thumb Code     0  startup_stm32l476xx.o(.text)
    LPTIM1_IRQHandler                        0x08000297   Thumb Code     0  startup_stm32l476xx.o(.text)
    LPUART1_IRQHandler                       0x08000297   Thumb Code     0  startup_stm32l476xx.o(.text)
    OTG_FS_IRQHandler                        0x08000297   Thumb Code     0  startup_stm32l476xx.o(.text)
    PVD_PVM_IRQHandler                       0x08000297   Thumb Code     0  startup_stm32l476xx.o(.text)
    QUADSPI_IRQHandler                       0x08000297   Thumb Code     0  startup_stm32l476xx.o(.text)
    RCC_IRQHandler                           0x08000297   Thumb Code     0  startup_stm32l476xx.o(.text)
    RNG_IRQHandler                           0x08000297   Thumb Code     0  startup_stm32l476xx.o(.text)
    RTC_Alarm_IRQHandler                     0x08000297   Thumb Code     0  startup_stm32l476xx.o(.text)
    RTC_WKUP_IRQHandler                      0x08000297   Thumb Code     0  startup_stm32l476xx.o(.text)
    SAI1_IRQHandler                          0x08000297   Thumb Code     0  startup_stm32l476xx.o(.text)
    SAI2_IRQHandler                          0x08000297   Thumb Code     0  startup_stm32l476xx.o(.text)
    SDMMC1_IRQHandler                        0x08000297   Thumb Code     0  startup_stm32l476xx.o(.text)
    SPI1_IRQHandler                          0x08000297   Thumb Code     0  startup_stm32l476xx.o(.text)
    SPI2_IRQHandler                          0x08000297   Thumb Code     0  startup_stm32l476xx.o(.text)
    SPI3_IRQHandler                          0x08000297   Thumb Code     0  startup_stm32l476xx.o(.text)
    SWPMI1_IRQHandler                        0x08000297   Thumb Code     0  startup_stm32l476xx.o(.text)
    TAMP_STAMP_IRQHandler                    0x08000297   Thumb Code     0  startup_stm32l476xx.o(.text)
    TIM1_BRK_TIM15_IRQHandler                0x08000297   Thumb Code     0  startup_stm32l476xx.o(.text)
    TIM1_CC_IRQHandler                       0x08000297   Thumb Code     0  startup_stm32l476xx.o(.text)
    TIM1_TRG_COM_TIM17_IRQHandler            0x08000297   Thumb Code     0  startup_stm32l476xx.o(.text)
    TIM1_UP_TIM16_IRQHandler                 0x08000297   Thumb Code     0  startup_stm32l476xx.o(.text)
    TIM2_IRQHandler                          0x08000297   Thumb Code     0  startup_stm32l476xx.o(.text)
    TIM3_IRQHandler                          0x08000297   Thumb Code     0  startup_stm32l476xx.o(.text)
    TIM4_IRQHandler                          0x08000297   Thumb Code     0  startup_stm32l476xx.o(.text)
    TIM5_IRQHandler                          0x08000297   Thumb Code     0  startup_stm32l476xx.o(.text)
    TIM6_DAC_IRQHandler                      0x08000297   Thumb Code     0  startup_stm32l476xx.o(.text)
    TIM7_IRQHandler                          0x08000297   Thumb Code     0  startup_stm32l476xx.o(.text)
    TIM8_BRK_IRQHandler                      0x08000297   Thumb Code     0  startup_stm32l476xx.o(.text)
    TIM8_CC_IRQHandler                       0x08000297   Thumb Code     0  startup_stm32l476xx.o(.text)
    TIM8_TRG_COM_IRQHandler                  0x08000297   Thumb Code     0  startup_stm32l476xx.o(.text)
    TIM8_UP_IRQHandler                       0x08000297   Thumb Code     0  startup_stm32l476xx.o(.text)
    TSC_IRQHandler                           0x08000297   Thumb Code     0  startup_stm32l476xx.o(.text)
    UART4_IRQHandler                         0x08000297   Thumb Code     0  startup_stm32l476xx.o(.text)
    UART5_IRQHandler                         0x08000297   Thumb Code     0  startup_stm32l476xx.o(.text)
    USART1_IRQHandler                        0x08000297   Thumb Code     0  startup_stm32l476xx.o(.text)
    USART2_IRQHandler                        0x08000297   Thumb Code     0  startup_stm32l476xx.o(.text)
    USART3_IRQHandler                        0x08000297   Thumb Code     0  startup_stm32l476xx.o(.text)
    WWDG_IRQHandler                          0x08000297   Thumb Code     0  startup_stm32l476xx.o(.text)
    __aeabi_memcpy                           0x080002a1   Thumb Code    36  memcpya.o(.text)
    __aeabi_memcpy4                          0x080002a1   Thumb Code     0  memcpya.o(.text)
    __aeabi_memcpy8                          0x080002a1   Thumb Code     0  memcpya.o(.text)
    __aeabi_memset                           0x080002c5   Thumb Code    14  memseta.o(.text)
    __aeabi_memset4                          0x080002c5   Thumb Code     0  memseta.o(.text)
    __aeabi_memset8                          0x080002c5   Thumb Code     0  memseta.o(.text)
    __aeabi_memclr                           0x080002d3   Thumb Code     4  memseta.o(.text)
    __aeabi_memclr4                          0x080002d3   Thumb Code     0  memseta.o(.text)
    __aeabi_memclr8                          0x080002d3   Thumb Code     0  memseta.o(.text)
    memset                                   0x080002d7   Thumb Code    18  memseta.o(.text)
    __scatterload                            0x080002e9   Thumb Code    28  init.o(.text)
    __scatterload_rt2                        0x080002e9   Thumb Code     0  init.o(.text)
    BusFault_Handler                         0x0800030d   Thumb Code     2  stm32l4xx_it.o(i.BusFault_Handler)
    DebugMon_Handler                         0x0800030f   Thumb Code     2  stm32l4xx_it.o(i.DebugMon_Handler)
    Error_Handler                            0x08000311   Thumb Code     2  main.o(i.Error_Handler)
    HAL_GPIO_Init                            0x08000315   Thumb Code   480  stm32l4xx_hal_gpio.o(i.HAL_GPIO_Init)
    HAL_GetTick                              0x08000519   Thumb Code     6  stm32l4xx_hal.o(i.HAL_GetTick)
    HAL_IncTick                              0x08000525   Thumb Code    16  stm32l4xx_hal.o(i.HAL_IncTick)
    HAL_Init                                 0x0800053d   Thumb Code    42  stm32l4xx_hal.o(i.HAL_Init)
    HAL_InitTick                             0x0800056d   Thumb Code    74  stm32l4xx_hal.o(i.HAL_InitTick)
    HAL_MspInit                              0x080005c5   Thumb Code    58  stm32l4xx_hal_msp.o(i.HAL_MspInit)
    HAL_NVIC_EnableIRQ                       0x08000605   Thumb Code    32  stm32l4xx_hal_cortex.o(i.HAL_NVIC_EnableIRQ)
    HAL_NVIC_SetPriority                     0x08000625   Thumb Code   124  stm32l4xx_hal_cortex.o(i.HAL_NVIC_SetPriority)
    HAL_NVIC_SetPriorityGrouping             0x080006a9   Thumb Code    32  stm32l4xx_hal_cortex.o(i.HAL_NVIC_SetPriorityGrouping)
    HAL_PWREx_ControlVoltageScaling          0x080006d1   Thumb Code   128  stm32l4xx_hal_pwr_ex.o(i.HAL_PWREx_ControlVoltageScaling)
    HAL_PWREx_GetVoltageRange                0x0800075d   Thumb Code    10  stm32l4xx_hal_pwr_ex.o(i.HAL_PWREx_GetVoltageRange)
    HAL_RCCEx_PeriphCLKConfig                0x0800076d   Thumb Code  1230  stm32l4xx_hal_rcc_ex.o(i.HAL_RCCEx_PeriphCLKConfig)
    HAL_RCC_ClockConfig                      0x08000c41   Thumb Code   360  stm32l4xx_hal_rcc.o(i.HAL_RCC_ClockConfig)
    HAL_RCC_GetSysClockFreq                  0x08000dbd   Thumb Code   220  stm32l4xx_hal_rcc.o(i.HAL_RCC_GetSysClockFreq)
    HAL_RCC_OscConfig                        0x08000ea9   Thumb Code  1660  stm32l4xx_hal_rcc.o(i.HAL_RCC_OscConfig)
    HAL_SYSTICK_Config                       0x08001535   Thumb Code    52  stm32l4xx_hal_cortex.o(i.HAL_SYSTICK_Config)
    HardFault_Handler                        0x08001569   Thumb Code     2  stm32l4xx_it.o(i.HardFault_Handler)
    LL_LPTIM_DeInit                          0x08001589   Thumb Code    80  stm32l4xx_ll_lptim.o(i.LL_LPTIM_DeInit)
    LL_LPTIM_Disable                         0x080015e5   Thumb Code   260  stm32l4xx_ll_lptim.o(i.LL_LPTIM_Disable)
    LL_LPTIM_Init                            0x080016f5   Thumb Code    46  stm32l4xx_ll_lptim.o(i.LL_LPTIM_Init)
    LL_LPTIM_StructInit                      0x0800173f   Thumb Code    12  stm32l4xx_ll_lptim.o(i.LL_LPTIM_StructInit)
    LL_RCC_GetLPTIMClockFreq                 0x0800174d   Thumb Code   202  stm32l4xx_ll_rcc.o(i.LL_RCC_GetLPTIMClockFreq)
    LL_RCC_GetSystemClocksFreq               0x08001845   Thumb Code    36  stm32l4xx_ll_rcc.o(i.LL_RCC_GetSystemClocksFreq)
    LPTIM2_IRQHandler                        0x08001915   Thumb Code   212  test_application.o(i.LPTIM2_IRQHandler)
    MemManage_Handler                        0x08001abd   Thumb Code     2  stm32l4xx_it.o(i.MemManage_Handler)
    NMI_Handler                              0x08001abf   Thumb Code     2  stm32l4xx_it.o(i.NMI_Handler)
    RCC_GetHCLKClockFreq                     0x08001db1   Thumb Code    24  stm32l4xx_ll_rcc.o(i.RCC_GetHCLKClockFreq)
    RCC_GetPCLK1ClockFreq                    0x08001dd1   Thumb Code    26  stm32l4xx_ll_rcc.o(i.RCC_GetPCLK1ClockFreq)
    RCC_GetPCLK2ClockFreq                    0x08001df5   Thumb Code    26  stm32l4xx_ll_rcc.o(i.RCC_GetPCLK2ClockFreq)
    RCC_GetSystemClockFreq                   0x08001e19   Thumb Code   170  stm32l4xx_ll_rcc.o(i.RCC_GetSystemClockFreq)
    RCC_PLL_GetFreqDomain_SYS                0x08001ed5   Thumb Code   194  stm32l4xx_ll_rcc.o(i.RCC_PLL_GetFreqDomain_SYS)
    SysTick_Handler                          0x08002045   Thumb Code     4  stm32l4xx_it.o(i.SysTick_Handler)
    SystemClock_Config                       0x08002049   Thumb Code   134  main.o(i.SystemClock_Config)
    SystemInit                               0x080020d1   Thumb Code    68  system_stm32l4xx.o(i.SystemInit)
    UsageFault_Handler                       0x08002121   Thumb Code     2  stm32l4xx_it.o(i.UsageFault_Handler)
    __aeabi_assert                           0x0800215d   Thumb Code     4  test_application.o(i.__aeabi_assert)
    __scatterload_copy                       0x08002161   Thumb Code    14  handlers.o(i.__scatterload_copy)
    __scatterload_null                       0x0800216f   Thumb Code     2  handlers.o(i.__scatterload_null)
    __scatterload_zeroinit                   0x08002171   Thumb Code    14  handlers.o(i.__scatterload_zeroinit)
    eTaskConfirmSleepModeStatus              0x08002201   Thumb Code    38  tasks.o(i.eTaskConfirmSleepModeStatus)
    main                                     0x0800225d   Thumb Code    28  main.o(i.main)
    pvPortMalloc                             0x08002ad9   Thumb Code    98  heap_1.o(i.pvPortMalloc)
    pxPortInitialiseStack                    0x08002b49   Thumb Code    38  port.o(i.pxPortInitialiseStack)
    tickless_1_task                          0x08002bc5   Thumb Code    36  test_application.o(i.tickless_1_task)
    tickless_2_task                          0x08002bed   Thumb Code    36  test_application.o(i.tickless_2_task)
    tickless_3_task                          0x08002c15   Thumb Code    58  test_application.o(i.tickless_3_task)
    tickless_testapp                         0x08002c59   Thumb Code   300  test_application.o(i.tickless_testapp)
    uxListRemove                             0x08002da1   Thumb Code    40  list.o(i.uxListRemove)
    vApplicationStackOverflowHook            0x08002dc9   Thumb Code     4  test_application.o(i.vApplicationStackOverflowHook)
    vListInitialise                          0x08002dcd   Thumb Code    26  list.o(i.vListInitialise)
    vListInitialiseItem                      0x08002de7   Thumb Code     6  list.o(i.vListInitialiseItem)
    vListInsert                              0x08002ded   Thumb Code    52  list.o(i.vListInsert)
    vListInsertEnd                           0x08002e21   Thumb Code    24  list.o(i.vListInsertEnd)
    vPortEnterCritical                       0x08002e39   Thumb Code    76  port.o(i.vPortEnterCritical)
    vPortExitCritical                        0x08002e8d   Thumb Code    56  port.o(i.vPortExitCritical)
    vPortFree                                0x08002ec9   Thumb Code    34  heap_1.o(i.vPortFree)
    vPortSetupTimerInterrupt                 0x08002eed   Thumb Code   312  test_application.o(i.vPortSetupTimerInterrupt)
    vPortSuppressTicksAndSleep               0x080030c5   Thumb Code  1432  test_application.o(i.vPortSuppressTicksAndSleep)
    vPortValidateInterruptPriority           0x0800366d   Thumb Code   106  port.o(i.vPortValidateInterruptPriority)
    vQueueAddToRegistry                      0x080036e5   Thumb Code    38  queue.o(i.vQueueAddToRegistry)
    vQueueWaitForMessageRestricted           0x08003711   Thumb Code    74  queue.o(i.vQueueWaitForMessageRestricted)
    vTaskDelayUntil                          0x0800375d   Thumb Code   132  tasks.o(i.vTaskDelayUntil)
    vTaskInternalSetTimeOutState             0x080037e9   Thumb Code    12  tasks.o(i.vTaskInternalSetTimeOutState)
    vTaskMissedYield                         0x080037f9   Thumb Code     8  tasks.o(i.vTaskMissedYield)
    vTaskPlaceOnEventList                    0x08003805   Thumb Code    44  tasks.o(i.vTaskPlaceOnEventList)
    vTaskPlaceOnEventListRestricted          0x08003835   Thumb Code    52  tasks.o(i.vTaskPlaceOnEventListRestricted)
    vTaskStartScheduler                      0x0800386d   Thumb Code    94  tasks.o(i.vTaskStartScheduler)
    vTaskStepTick                            0x080038dd   Thumb Code    36  tasks.o(i.vTaskStepTick)
    vTaskSuspendAll                          0x08003905   Thumb Code    10  tasks.o(i.vTaskSuspendAll)
    vTaskSwitchContext                       0x08003915   Thumb Code   126  tasks.o(i.vTaskSwitchContext)
    xPortStartScheduler                      0x0800399d   Thumb Code   330  port.o(i.xPortStartScheduler)
    xPortSysTickHandler                      0x08003b05   Thumb Code    46  port.o(i.xPortSysTickHandler)
    xQueueGenericCreate                      0x08003b39   Thumb Code    88  queue.o(i.xQueueGenericCreate)
    xQueueGenericReset                       0x08003b91   Thumb Code   146  queue.o(i.xQueueGenericReset)
    xQueueGenericSend                        0x08003c29   Thumb Code   420  queue.o(i.xQueueGenericSend)
    xQueueGenericSendFromISR                 0x08003dd1   Thumb Code   248  queue.o(i.xQueueGenericSendFromISR)
    xQueueReceive                            0x08003ed1   Thumb Code   356  queue.o(i.xQueueReceive)
    xTaskCheckForTimeOut                     0x08004039   Thumb Code   112  tasks.o(i.xTaskCheckForTimeOut)
    xTaskCreate                              0x080040ad   Thumb Code    86  tasks.o(i.xTaskCreate)
    xTaskGetSchedulerState                   0x08004109   Thumb Code    22  tasks.o(i.xTaskGetSchedulerState)
    xTaskGetTickCount                        0x08004125   Thumb Code     6  tasks.o(i.xTaskGetTickCount)
    xTaskIncrementTick                       0x08004131   Thumb Code   192  tasks.o(i.xTaskIncrementTick)
    xTaskPriorityDisinherit                  0x080041f9   Thumb Code   144  tasks.o(i.xTaskPriorityDisinherit)
    xTaskRemoveFromEventList                 0x08004291   Thumb Code   114  tasks.o(i.xTaskRemoveFromEventList)
    xTaskResumeAll                           0x0800430d   Thumb Code   182  tasks.o(i.xTaskResumeAll)
    xTimerCreateTimerTask                    0x080043d1   Thumb Code    66  timers.o(i.xTimerCreateTimerTask)
    xTimerGenericCommand                     0x08004429   Thumb Code   128  timers.o(i.xTimerGenericCommand)
    AHBPrescTable                            0x08004508   Data          16  system_stm32l4xx.o(.constdata)
    APBPrescTable                            0x08004518   Data           8  system_stm32l4xx.o(.constdata)
    MSIRangeTable                            0x08004520   Data          48  system_stm32l4xx.o(.constdata)
    Region$$Table$$Base                      0x08004598   Number         0  anon$$obj.o(Region$$Table)
    Region$$Table$$Limit                     0x080045b8   Number         0  anon$$obj.o(Region$$Table)
    input_clock_rate                         0x20000000   Data           4  test_application.o(.data)
    auto_reload_value                        0x20000004   Data           2  test_application.o(.data)
    ulTimerCountsForOneTick                  0x20000006   Data           2  test_application.o(.data)
    pending_match_val                        0x20000008   Data           2  test_application.o(.data)
    last_match_val                           0x2000000a   Data           2  test_application.o(.data)
    now_irq                                  0x2000000c   Data           2  test_application.o(.data)
    vPSTAS_start                             0x2000000e   Data           2  test_application.o(.data)
    temp_match_val                           0x20000010   Data           2  test_application.o(.data)
    now_match                                0x20000012   Data           2  test_application.o(.data)
    now_async                                0x20000014   Data           2  test_application.o(.data)
    now_async_aligned                        0x20000016   Data           2  test_application.o(.data)
    elapsed_timer_counts                     0x20000018   Data           2  test_application.o(.data)
    expected_idle_counts                     0x2000001a   Data           2  test_application.o(.data)
    ulCompleteTickPeriods                    0x2000001c   Data           4  test_application.o(.data)
    now_debug                                0x20000020   Data           2  test_application.o(.data)
    isr_snapshot_before                      0x20000024   Data           4  test_application.o(.data)
    isr_snapshot_after                       0x20000028   Data           4  test_application.o(.data)
    expected_idle_time                       0x2000002c   Data           2  test_application.o(.data)
    pxCurrentTCB                             0x20000034   Data           4  tasks.o(.data)
    uwTick                                   0x20000098   Data           4  stm32l4xx_hal.o(.data)
    uwTickPrio                               0x2000009c   Data           4  stm32l4xx_hal.o(.data)
    uwTickFreq                               0x200000a0   Data           4  stm32l4xx_hal.o(.data)
    SystemCoreClock                          0x200000a4   Data           4  system_stm32l4xx.o(.data)
    xQueueRegistry                           0x200000a8   Data          64  queue.o(.bss)
    __initial_sp                             0x20008600   Data           0  startup_stm32l476xx.o(STACK)



==============================================================================

Memory Map of the image

  Image Entry point : 0x08000189

  Load Region LR_IROM1 (Base: 0x08000000, Size: 0x00004660, Max: 0x00100000, ABSOLUTE)

    Execution Region ER_IROM1 (Exec base: 0x08000000, Load base: 0x08000000, Size: 0x000045b8, Max: 0x00100000, ABSOLUTE)

    Exec Addr    Load Addr    Size         Type   Attr      Idx    E Section Name        Object

    0x08000000   0x08000000   0x00000188   Data   RO            3    RESET               startup_stm32l476xx.o
    0x08000188   0x08000188   0x00000000   Code   RO         4132  * .ARM.Collect$$$$00000000  mc_w.l(entry.o)
    0x08000188   0x08000188   0x00000004   Code   RO         4143    .ARM.Collect$$$$00000001  mc_w.l(entry2.o)
    0x0800018c   0x0800018c   0x00000004   Code   RO         4146    .ARM.Collect$$$$00000004  mc_w.l(entry5.o)
    0x08000190   0x08000190   0x00000000   Code   RO         4148    .ARM.Collect$$$$00000008  mc_w.l(entry7b.o)
    0x08000190   0x08000190   0x00000000   Code   RO         4150    .ARM.Collect$$$$0000000A  mc_w.l(entry8b.o)
    0x08000190   0x08000190   0x00000008   Code   RO         4151    .ARM.Collect$$$$0000000B  mc_w.l(entry9a.o)
    0x08000198   0x08000198   0x00000000   Code   RO         4153    .ARM.Collect$$$$0000000D  mc_w.l(entry10a.o)
    0x08000198   0x08000198   0x00000000   Code   RO         4155    .ARM.Collect$$$$0000000F  mc_w.l(entry11a.o)
    0x08000198   0x08000198   0x00000004   Code   RO         4144    .ARM.Collect$$$$00002712  mc_w.l(entry2.o)
    0x0800019c   0x0800019c   0x000000de   Code   RO         1544    .emb_text           port.o
    0x0800027a   0x0800027a   0x00000002   PAD
    0x0800027c   0x0800027c   0x00000024   Code   RO            4    .text               startup_stm32l476xx.o
    0x080002a0   0x080002a0   0x00000024   Code   RO         4135    .text               mc_w.l(memcpya.o)
    0x080002c4   0x080002c4   0x00000024   Code   RO         4139    .text               mc_w.l(memseta.o)
    0x080002e8   0x080002e8   0x00000024   Code   RO         4157    .text               mc_w.l(init.o)
    0x0800030c   0x0800030c   0x00000002   Code   RO          187    i.BusFault_Handler  stm32l4xx_it.o
    0x0800030e   0x0800030e   0x00000002   Code   RO          188    i.DebugMon_Handler  stm32l4xx_it.o
    0x08000310   0x08000310   0x00000002   Code   RO           13    i.Error_Handler     main.o
    0x08000312   0x08000312   0x00000002   PAD
    0x08000314   0x08000314   0x00000204   Code   RO         2915    i.HAL_GPIO_Init     stm32l4xx_hal_gpio.o
    0x08000518   0x08000518   0x0000000c   Code   RO         1698    i.HAL_GetTick       stm32l4xx_hal.o
    0x08000524   0x08000524   0x00000018   Code   RO         1704    i.HAL_IncTick       stm32l4xx_hal.o
    0x0800053c   0x0800053c   0x00000030   Code   RO         1705    i.HAL_Init          stm32l4xx_hal.o
    0x0800056c   0x0800056c   0x00000058   Code   RO         1706    i.HAL_InitTick      stm32l4xx_hal.o
    0x080005c4   0x080005c4   0x00000040   Code   RO          256    i.HAL_MspInit       stm32l4xx_hal_msp.o
    0x08000604   0x08000604   0x00000020   Code   RO         3456    i.HAL_NVIC_EnableIRQ  stm32l4xx_hal_cortex.o
    0x08000624   0x08000624   0x00000082   Code   RO         3462    i.HAL_NVIC_SetPriority  stm32l4xx_hal_cortex.o
    0x080006a6   0x080006a6   0x00000002   PAD
    0x080006a8   0x080006a8   0x00000028   Code   RO         3463    i.HAL_NVIC_SetPriorityGrouping  stm32l4xx_hal_cortex.o
    0x080006d0   0x080006d0   0x0000008c   Code   RO         3206    i.HAL_PWREx_ControlVoltageScaling  stm32l4xx_hal_pwr_ex.o
    0x0800075c   0x0800075c   0x00000010   Code   RO         3237    i.HAL_PWREx_GetVoltageRange  stm32l4xx_hal_pwr_ex.o
    0x0800076c   0x0800076c   0x000004d4   Code   RO         2548    i.HAL_RCCEx_PeriphCLKConfig  stm32l4xx_hal_rcc_ex.o
    0x08000c40   0x08000c40   0x0000017c   Code   RO         2433    i.HAL_RCC_ClockConfig  stm32l4xx_hal_rcc.o
    0x08000dbc   0x08000dbc   0x000000ec   Code   RO         2441    i.HAL_RCC_GetSysClockFreq  stm32l4xx_hal_rcc.o
    0x08000ea8   0x08000ea8   0x0000068c   Code   RO         2444    i.HAL_RCC_OscConfig  stm32l4xx_hal_rcc.o
    0x08001534   0x08001534   0x00000034   Code   RO         3467    i.HAL_SYSTICK_Config  stm32l4xx_hal_cortex.o
    0x08001568   0x08001568   0x00000002   Code   RO          189    i.HardFault_Handler  stm32l4xx_it.o
    0x0800156a   0x0800156a   0x00000004   Code   RO          283    i.LL_GPIO_ResetOutputPin  test_application.o
    0x0800156e   0x0800156e   0x00000004   Code   RO          284    i.LL_GPIO_SetOutputPin  test_application.o
    0x08001572   0x08001572   0x0000000a   Code   RO          285    i.LL_LPTIM_ClearFLAG_CMPM  test_application.o
    0x0800157c   0x0800157c   0x0000000a   Code   RO          286    i.LL_LPTIM_ClearFlag_CMPOK  test_application.o
    0x08001586   0x08001586   0x00000002   PAD
    0x08001588   0x08001588   0x0000005c   Code   RO         3663    i.LL_LPTIM_DeInit   stm32l4xx_ll_lptim.o
    0x080015e4   0x080015e4   0x0000010e   Code   RO         3664    i.LL_LPTIM_Disable  stm32l4xx_ll_lptim.o
    0x080016f2   0x080016f2   0x00000002   PAD
    0x080016f4   0x080016f4   0x00000034   Code   RO         3665    i.LL_LPTIM_Init     stm32l4xx_ll_lptim.o
    0x08001728   0x08001728   0x0000000a   Code   RO          287    i.LL_LPTIM_IsActiveFlag_CMPM  test_application.o
    0x08001732   0x08001732   0x0000000c   Code   RO          288    i.LL_LPTIM_SetCompare  test_application.o
    0x0800173e   0x0800173e   0x0000000c   Code   RO         3666    i.LL_LPTIM_StructInit  stm32l4xx_ll_lptim.o
    0x0800174a   0x0800174a   0x00000002   PAD
    0x0800174c   0x0800174c   0x000000d0   Code   RO         3826    i.LL_RCC_GetLPTIMClockFreq  stm32l4xx_ll_rcc.o
    0x0800181c   0x0800181c   0x00000014   Code   RO         3667    i.LL_RCC_GetLPTIMClockSource  stm32l4xx_ll_lptim.o
    0x08001830   0x08001830   0x00000014   Code   RO         3827    i.LL_RCC_GetLPTIMClockSource  stm32l4xx_ll_rcc.o
    0x08001844   0x08001844   0x00000024   Code   RO         3834    i.LL_RCC_GetSystemClocksFreq  stm32l4xx_ll_rcc.o
    0x08001868   0x08001868   0x00000010   Code   RO         3840    i.LL_RCC_HSI_IsReady  stm32l4xx_ll_rcc.o
    0x08001878   0x08001878   0x00000010   Code   RO         3841    i.LL_RCC_LSE_IsReady  stm32l4xx_ll_rcc.o
    0x08001888   0x08001888   0x00000010   Code   RO         3842    i.LL_RCC_LSI_IsReady  stm32l4xx_ll_rcc.o
    0x08001898   0x08001898   0x00000010   Code   RO         3843    i.LL_RCC_MSI_GetRange  stm32l4xx_ll_rcc.o
    0x080018a8   0x080018a8   0x00000010   Code   RO         3844    i.LL_RCC_MSI_GetRangeAfterStandby  stm32l4xx_ll_rcc.o
    0x080018b8   0x080018b8   0x00000010   Code   RO         3845    i.LL_RCC_MSI_IsEnabledRangeSelect  stm32l4xx_ll_rcc.o
    0x080018c8   0x080018c8   0x00000010   Code   RO         3851    i.LL_RCC_PLL_GetDivider  stm32l4xx_ll_rcc.o
    0x080018d8   0x080018d8   0x00000010   Code   RO         3852    i.LL_RCC_PLL_GetMainSource  stm32l4xx_ll_rcc.o
    0x080018e8   0x080018e8   0x00000010   Code   RO         3853    i.LL_RCC_PLL_GetN   stm32l4xx_ll_rcc.o
    0x080018f8   0x080018f8   0x0000001c   Code   RO         3668    i.LL_RCC_SetLPTIMClockSource  stm32l4xx_ll_lptim.o
    0x08001914   0x08001914   0x000001a8   Code   RO          289    i.LPTIM2_IRQHandler  test_application.o
    0x08001abc   0x08001abc   0x00000002   Code   RO          190    i.MemManage_Handler  stm32l4xx_it.o
    0x08001abe   0x08001abe   0x00000002   Code   RO          191    i.NMI_Handler       stm32l4xx_it.o
    0x08001ac0   0x08001ac0   0x0000018c   Code   RO         2552    i.RCCEx_PLLSAI1_Config  stm32l4xx_hal_rcc_ex.o
    0x08001c4c   0x08001c4c   0x00000164   Code   RO         2553    i.RCCEx_PLLSAI2_Config  stm32l4xx_hal_rcc_ex.o
    0x08001db0   0x08001db0   0x00000020   Code   RO         3855    i.RCC_GetHCLKClockFreq  stm32l4xx_ll_rcc.o
    0x08001dd0   0x08001dd0   0x00000024   Code   RO         3856    i.RCC_GetPCLK1ClockFreq  stm32l4xx_ll_rcc.o
    0x08001df4   0x08001df4   0x00000024   Code   RO         3857    i.RCC_GetPCLK2ClockFreq  stm32l4xx_ll_rcc.o
    0x08001e18   0x08001e18   0x000000bc   Code   RO         3858    i.RCC_GetSystemClockFreq  stm32l4xx_ll_rcc.o
    0x08001ed4   0x08001ed4   0x000000d4   Code   RO         3866    i.RCC_PLL_GetFreqDomain_SYS  stm32l4xx_ll_rcc.o
    0x08001fa8   0x08001fa8   0x0000009c   Code   RO         2445    i.RCC_SetFlashLatencyFromMSIRange  stm32l4xx_hal_rcc.o
    0x08002044   0x08002044   0x00000004   Code   RO          192    i.SysTick_Handler   stm32l4xx_it.o
    0x08002048   0x08002048   0x00000086   Code   RO           14    i.SystemClock_Config  main.o
    0x080020ce   0x080020ce   0x00000002   PAD
    0x080020d0   0x080020d0   0x00000050   Code   RO         4099    i.SystemInit        system_stm32l4xx.o
    0x08002120   0x08002120   0x00000002   Code   RO          193    i.UsageFault_Handler  stm32l4xx_it.o
    0x08002122   0x08002122   0x00000002   PAD
    0x08002124   0x08002124   0x00000010   Code   RO         3469    i.__NVIC_GetPriorityGrouping  stm32l4xx_hal_cortex.o
    0x08002134   0x08002134   0x00000028   Code   RO         3470    i.__NVIC_SetPriority  stm32l4xx_hal_cortex.o
    0x0800215c   0x0800215c   0x00000004   Code   RO          290    i.__aeabi_assert    test_application.o
    0x08002160   0x08002160   0x0000000e   Code   RO         4161    i.__scatterload_copy  mc_w.l(handlers.o)
    0x0800216e   0x0800216e   0x00000002   Code   RO         4162    i.__scatterload_null  mc_w.l(handlers.o)
    0x08002170   0x08002170   0x0000000e   Code   RO         4163    i.__scatterload_zeroinit  mc_w.l(handlers.o)
    0x0800217e   0x0800217e   0x00000002   PAD
    0x08002180   0x08002180   0x00000024   Code   RO          291    i.config_pin_it_rising  test_application.o
    0x080021a4   0x080021a4   0x0000002c   Code   RO          292    i.config_pin_output_pp  test_application.o
    0x080021d0   0x080021d0   0x00000030   Code   RO           15    i.detect_debugger   main.o
    0x08002200   0x08002200   0x00000030   Code   RO         1020    i.eTaskConfirmSleepModeStatus  tasks.o
    0x08002230   0x08002230   0x0000002c   Code   RO          293    i.get_lptim_value   test_application.o
    0x0800225c   0x0800225c   0x0000001c   Code   RO           16    i.main              main.o
    0x08002278   0x08002278   0x00000070   Code   RO         1023    i.prvAddCurrentTaskToDelayedList  tasks.o
    0x080022e8   0x080022e8   0x000000d0   Code   RO         1024    i.prvAddNewTaskToReadyList  tasks.o
    0x080023b8   0x080023b8   0x00000064   Code   RO         1390    i.prvCheckForValidListAndQueue  timers.o
    0x0800241c   0x0800241c   0x0000002a   Code   RO          654    i.prvCopyDataFromQueue  queue.o
    0x08002446   0x08002446   0x0000007c   Code   RO          655    i.prvCopyDataToQueue  queue.o
    0x080024c2   0x080024c2   0x00000014   Code   RO         1025    i.prvDeleteTCB      tasks.o
    0x080024d6   0x080024d6   0x00000002   PAD
    0x080024d8   0x080024d8   0x00000034   Code   RO         1026    i.prvGetExpectedIdleTime  tasks.o
    0x0800250c   0x0800250c   0x00000028   Code   RO         1391    i.prvGetNextExpireTime  timers.o
    0x08002534   0x08002534   0x00000090   Code   RO         1027    i.prvIdleTask       tasks.o
    0x080025c4   0x080025c4   0x0000002a   Code   RO          658    i.prvInitialiseNewQueue  queue.o
    0x080025ee   0x080025ee   0x0000009e   Code   RO         1028    i.prvInitialiseNewTask  tasks.o
    0x0800268c   0x0800268c   0x00000058   Code   RO         1393    i.prvInsertTimerInActiveList  timers.o
    0x080026e4   0x080026e4   0x0000001a   Code   RO          659    i.prvIsQueueEmpty   queue.o
    0x080026fe   0x080026fe   0x0000001e   Code   RO          660    i.prvIsQueueFull    queue.o
    0x0800271c   0x0800271c   0x00000064   Code   RO         1394    i.prvProcessExpiredTimer  timers.o
    0x08002780   0x08002780   0x00000120   Code   RO         1395    i.prvProcessReceivedCommands  timers.o
    0x080028a0   0x080028a0   0x00000074   Code   RO         1396    i.prvProcessTimerOrBlockTask  timers.o
    0x08002914   0x08002914   0x00000020   Code   RO         1030    i.prvResetNextTaskUnblockTime  tasks.o
    0x08002934   0x08002934   0x0000002c   Code   RO         1397    i.prvSampleTimeNow  timers.o
    0x08002960   0x08002960   0x000000a0   Code   RO         1398    i.prvSwitchTimerLists  timers.o
    0x08002a00   0x08002a00   0x00000040   Code   RO         1545    i.prvTaskExitError  port.o
    0x08002a40   0x08002a40   0x0000001a   Code   RO         1399    i.prvTimerTask      timers.o
    0x08002a5a   0x08002a5a   0x0000007e   Code   RO          661    i.prvUnlockQueue    queue.o
    0x08002ad8   0x08002ad8   0x00000070   Code   RO         1615    i.pvPortMalloc      heap_1.o
    0x08002b48   0x08002b48   0x0000002c   Code   RO         1546    i.pxPortInitialiseStack  port.o
    0x08002b74   0x08002b74   0x00000030   Code   RO          294    i.set_compare_match  test_application.o
    0x08002ba4   0x08002ba4   0x00000020   Code   RO          295    i.sysclk_driver_enter_sleep  test_application.o
    0x08002bc4   0x08002bc4   0x00000028   Code   RO          296    i.tickless_1_task   test_application.o
    0x08002bec   0x08002bec   0x00000028   Code   RO          297    i.tickless_2_task   test_application.o
    0x08002c14   0x08002c14   0x00000044   Code   RO          298    i.tickless_3_task   test_application.o
    0x08002c58   0x08002c58   0x00000148   Code   RO          299    i.tickless_testapp  test_application.o
    0x08002da0   0x08002da0   0x00000028   Code   RO          614    i.uxListRemove      list.o
    0x08002dc8   0x08002dc8   0x00000004   Code   RO          301    i.vApplicationStackOverflowHook  test_application.o
    0x08002dcc   0x08002dcc   0x0000001a   Code   RO          615    i.vListInitialise   list.o
    0x08002de6   0x08002de6   0x00000006   Code   RO          616    i.vListInitialiseItem  list.o
    0x08002dec   0x08002dec   0x00000034   Code   RO          617    i.vListInsert       list.o
    0x08002e20   0x08002e20   0x00000018   Code   RO          618    i.vListInsertEnd    list.o
    0x08002e38   0x08002e38   0x00000054   Code   RO         1548    i.vPortEnterCritical  port.o
    0x08002e8c   0x08002e8c   0x0000003c   Code   RO         1549    i.vPortExitCritical  port.o
    0x08002ec8   0x08002ec8   0x00000022   Code   RO         1616    i.vPortFree         heap_1.o
    0x08002eea   0x08002eea   0x00000002   PAD
    0x08002eec   0x08002eec   0x000001d8   Code   RO          302    i.vPortSetupTimerInterrupt  test_application.o
    0x080030c4   0x080030c4   0x000005a8   Code   RO          303    i.vPortSuppressTicksAndSleep  test_application.o
    0x0800366c   0x0800366c   0x00000078   Code   RO         1550    i.vPortValidateInterruptPriority  port.o
    0x080036e4   0x080036e4   0x0000002c   Code   RO          667    i.vQueueAddToRegistry  queue.o
    0x08003710   0x08003710   0x0000004a   Code   RO          671    i.vQueueWaitForMessageRestricted  queue.o
    0x0800375a   0x0800375a   0x00000002   PAD
    0x0800375c   0x0800375c   0x0000008c   Code   RO         1041    i.vTaskDelayUntil   tasks.o
    0x080037e8   0x080037e8   0x00000010   Code   RO         1045    i.vTaskInternalSetTimeOutState  tasks.o
    0x080037f8   0x080037f8   0x0000000c   Code   RO         1046    i.vTaskMissedYield  tasks.o
    0x08003804   0x08003804   0x00000030   Code   RO         1048    i.vTaskPlaceOnEventList  tasks.o
    0x08003834   0x08003834   0x00000038   Code   RO         1049    i.vTaskPlaceOnEventListRestricted  tasks.o
    0x0800386c   0x0800386c   0x00000070   Code   RO         1058    i.vTaskStartScheduler  tasks.o
    0x080038dc   0x080038dc   0x00000028   Code   RO         1059    i.vTaskStepTick     tasks.o
    0x08003904   0x08003904   0x00000010   Code   RO         1061    i.vTaskSuspendAll   tasks.o
    0x08003914   0x08003914   0x00000088   Code   RO         1062    i.vTaskSwitchContext  tasks.o
    0x0800399c   0x0800399c   0x00000168   Code   RO         1551    i.xPortStartScheduler  port.o
    0x08003b04   0x08003b04   0x00000034   Code   RO         1552    i.xPortSysTickHandler  port.o
    0x08003b38   0x08003b38   0x00000058   Code   RO          674    i.xQueueGenericCreate  queue.o
    0x08003b90   0x08003b90   0x00000098   Code   RO          675    i.xQueueGenericReset  queue.o
    0x08003c28   0x08003c28   0x000001a8   Code   RO          676    i.xQueueGenericSend  queue.o
    0x08003dd0   0x08003dd0   0x000000fe   Code   RO          677    i.xQueueGenericSendFromISR  queue.o
    0x08003ece   0x08003ece   0x00000002   PAD
    0x08003ed0   0x08003ed0   0x00000168   Code   RO          684    i.xQueueReceive     queue.o
    0x08004038   0x08004038   0x00000074   Code   RO         1064    i.xTaskCheckForTimeOut  tasks.o
    0x080040ac   0x080040ac   0x0000005c   Code   RO         1065    i.xTaskCreate       tasks.o
    0x08004108   0x08004108   0x0000001c   Code   RO         1070    i.xTaskGetSchedulerState  tasks.o
    0x08004124   0x08004124   0x0000000c   Code   RO         1071    i.xTaskGetTickCount  tasks.o
    0x08004130   0x08004130   0x000000c8   Code   RO         1073    i.xTaskIncrementTick  tasks.o
    0x080041f8   0x080041f8   0x00000098   Code   RO         1076    i.xTaskPriorityDisinherit  tasks.o
    0x08004290   0x08004290   0x0000007c   Code   RO         1078    i.xTaskRemoveFromEventList  tasks.o
    0x0800430c   0x0800430c   0x000000c4   Code   RO         1079    i.xTaskResumeAll    tasks.o
    0x080043d0   0x080043d0   0x00000058   Code   RO         1405    i.xTimerCreateTimerTask  timers.o
    0x08004428   0x08004428   0x00000084   Code   RO         1406    i.xTimerGenericCommand  timers.o
    0x080044ac   0x080044ac   0x0000005c   Data   RO          304    .constdata          test_application.o
    0x08004508   0x08004508   0x00000048   Data   RO         4100    .constdata          system_stm32l4xx.o
    0x08004550   0x08004550   0x00000046   Data   RO          305    .conststring        test_application.o
    0x08004596   0x08004596   0x00000002   PAD
    0x08004598   0x08004598   0x00000020   Data   RO         4159    Region$$Table       anon$$obj.o


    Execution Region RW_IRAM1 (Exec base: 0x20000000, Load base: 0x080045b8, Size: 0x00008600, Max: 0x00018000, ABSOLUTE)

    Exec Addr    Load Addr    Size         Type   Attr      Idx    E Section Name        Object

    0x20000000   0x080045b8   0x00000034   Data   RW          306    .data               test_application.o
    0x20000034   0x080045ec   0x0000003c   Data   RW         1082    .data               tasks.o
    0x20000070   0x08004628   0x00000014   Data   RW         1414    .data               timers.o
    0x20000084   0x0800463c   0x0000000c   Data   RW         1553    .data               port.o
    0x20000090   0x08004648   0x00000008   Data   RW         1620    .data               heap_1.o
    0x20000098   0x08004650   0x0000000c   Data   RW         1722    .data               stm32l4xx_hal.o
    0x200000a4   0x0800465c   0x00000004   Data   RW         4101    .data               system_stm32l4xx.o
    0x200000a8        -       0x00000040   Zero   RW          688    .bss                queue.o
    0x200000e8        -       0x000000f0   Zero   RW         1081    .bss                tasks.o
    0x200001d8        -       0x00000028   Zero   RW         1413    .bss                timers.o
    0x20000200        -       0x00008000   Zero   RW         1619    .bss                heap_1.o
    0x20008200        -       0x00000400   Zero   RW            1    STACK               startup_stm32l476xx.o


==============================================================================

Image component sizes


      Code (inc. data)   RO Data    RW Data    ZI Data      Debug   Object Name

         0          0          0          0          0      11896   event_groups.o
       146         14          0          8      32768       2247   heap_1.o
       148          0          0          0          0       3374   list.o
       212         10          0          0          0     814436   main.o
      1006         88          0         12          0      11154   port.o
      1786         20          0          0         64      13722   queue.o
        36          8        392          0       1024        856   startup_stm32l476xx.o
       172         34          0         12          0       3769   stm32l4xx_hal.o
       310         22          0          0          0      34595   stm32l4xx_hal_cortex.o
       516         36          0          0          0       1704   stm32l4xx_hal_gpio.o
        64          6          0          0          0        862   stm32l4xx_hal_msp.o
       156         18          0          0          0       1398   stm32l4xx_hal_pwr_ex.o
      2448         82          0          0          0       5636   stm32l4xx_hal_rcc.o
      1988         48          0          0          0       4020   stm32l4xx_hal_rcc_ex.o
        16          0          0          0          0       3335   stm32l4xx_it.o
       474         32          0          0          0      45255   stm32l4xx_ll_lptim.o
       912        130          0          0          0      37400   stm32l4xx_ll_rcc.o
        80         12         72          4          0       1277   system_stm32l4xx.o
      2270        180          0         60        240      24043   tasks.o
      3082        832        162         52          0      83925   test_application.o
      1182        114          0         20         40      17935   timers.o

    ----------------------------------------------------------------------
     17028       1686        660        168      34136    1122839   Object Totals
         0          0         32          0          0          0   (incl. Generated)
        24          0          2          0          0          0   (incl. Padding)

    ----------------------------------------------------------------------

      Code (inc. data)   RO Data    RW Data    ZI Data      Debug   Library Member Name

         0          0          0          0          0          0   entry.o
         0          0          0          0          0          0   entry10a.o
         0          0          0          0          0          0   entry11a.o
         8          4          0          0          0          0   entry2.o
         4          0          0          0          0          0   entry5.o
         0          0          0          0          0          0   entry7b.o
         0          0          0          0          0          0   entry8b.o
         8          4          0          0          0          0   entry9a.o
        30          0          0          0          0          0   handlers.o
        36          8          0          0          0         68   init.o
        36          0          0          0          0         68   memcpya.o
        36          0          0          0          0        108   memseta.o

    ----------------------------------------------------------------------
       160         16          0          0          0        244   Library Totals
         2          0          0          0          0          0   (incl. Padding)

    ----------------------------------------------------------------------

      Code (inc. data)   RO Data    RW Data    ZI Data      Debug   Library Name

       158         16          0          0          0        244   mc_w.l

    ----------------------------------------------------------------------
       160         16          0          0          0        244   Library Totals

    ----------------------------------------------------------------------

==============================================================================


      Code (inc. data)   RO Data    RW Data    ZI Data      Debug   

     17188       1702        660        168      34136    1110435   Grand Totals
     17188       1702        660        168      34136    1110435   ELF Image Totals
     17188       1702        660        168          0          0   ROM Totals

==============================================================================

    Total RO  Size (Code + RO Data)                17848 (  17.43kB)
    Total RW  Size (RW Data + ZI Data)             34304 (  33.50kB)
    Total ROM Size (Code + RO Data + RW Data)      18016 (  17.59kB)

==============================================================================

